PASS: runtime expected-negative quality and inventory self-test
PASS: runtime expected-negative quality and inventory checked 616 files
PASS: pinned Verus release closure matched at this measurement (190 files, 129019839 bytes)

thread 'main' (3497973) panicked at /rustc/8bab26f4f68e0e26f0bb7960be334d5b520ea452/library/std/src/io/stdio.rs:1166:9:
failed printing to stdout: Broken pipe (os error 32)
note: run with `RUST_BACKTRACE=1` environment variable to display a backtrace
verification results:: 2 verified, 0 errors
verification results:: 4 verified, 0 errors
verification results:: 4 verified, 0 errors
verification results:: 6 verified, 0 errors
verification results:: 11 verified, 0 errors
verification results:: 3 verified, 0 errors
verification results:: 8 verified, 0 errors
verification results:: 11 verified, 0 errors
verification results:: 8 verified, 0 errors
verification results:: 10 verified, 0 errors
verification results:: 14 verified, 0 errors
verification results:: 20 verified, 0 errors
verification results:: 18 verified, 0 errors
verification results:: 23 verified, 0 errors
verification results:: 20 verified, 0 errors
verification results:: 10 verified, 0 errors
verification results:: 21 verified, 0 errors
verification results:: 32 verified, 0 errors
verification results:: 34 verified, 0 errors
verification results:: 46 verified, 0 errors
verification results:: 31 verified, 0 errors
verification results:: 37 verified, 0 errors
verification results:: 41 verified, 0 errors
verification results:: 46 verified, 0 errors
verification results:: 34 verified, 0 errors
verification results:: 38 verified, 0 errors
verification results:: 20 verified, 0 errors
verification results:: 31 verified, 0 errors
verification results:: 38 verified, 0 errors
verification results:: 41 verified, 0 errors
verification results:: 34 verified, 0 errors
verification results:: 45 verified, 0 errors
verification results:: 54 verified, 0 errors
verification results:: 13 verified, 0 errors
verification results:: 15 verified, 0 errors
verification results:: 15 verified, 0 errors
FAIL: positive proof did not verify: r38-bounded-persistent-compute-wait-recycle
cat: /tmp/fe2o3-runtime-model-verus.Lcy1Bi/r38-bounded-persistent-compute-wait-recycle-positive.log: No such file or directory
