PASS real-current-history-and-support-with-captured-writes
PASS unchanged-boundary
PASS wrong-opening-head
PASS wrong-opening-source-map
PASS wrong-opening-inventory
PASS added-source
PASS deleted-untracked-source
PASS deleted-tracked-source
PASS modified-lockfile
PASS same-count-replacement
PASS closing-head-change
PASS docs-only-change
PASS missing-current-artifact
PASS missing-old-artifact
PASS nonregular-artifact
PASS snapshot-buffers-and-listing-are-isolated
PASS inputs-captured-before-validation
PASS late-input-substitution
PASS late-whitespace-only-json-substitution
PASS late-artifact-membership-r118-unexpected.json
PASS late-artifact-membership-r118b-unexpected.rs
PASS late-artifact-membership-r118-unexpected.md
PASS late-artifact-deletion
PASS late-nonprefix-historical-membership
PASS history-validator-rejection
PASS support-validator-rejection
PASS future-prerequisite-observation
PASS latest-support-tail-must-precede-freeze
PASS different-freeze-boot
PASS raw-utc-regression-does-not-change-monotonic-order
PASS stopped-history-remains-independent-and-unaccepted
PASS binary-pin-mismatch
PASS forbidden-stack-override
PASS occupied-output-r118b-frozen-source.json
PASS occupied-output-r118b-environment.json
PASS occupied-output-r118b-issue-status.json
PASS late-occupied-output
PASS support-record-unclosed
PASS support-record-wrong-predecessor
PASS support-record-wrong-source
PASS support-record-wrong-command
PASS support-input-pin-change
PASS support-wrong-contract-roster
PASS support-current-transcript-relabel
PASS support-runner-transcript-relabel
PASS support-fixture-source-drift
PASS support-fixture-cleanup-error
PASS support-fixture-live-group
PASS support-fixture-wrong-exit
PASS support-fixture-wrong-command
PASS support-fixture-timed-out
PASS support-fixture-environment
PASS support-fixture-spawn-child-code
PASS support-fixture-spawn-invented-group
PASS support-fixture-spawn-wrong-result
PASS support-fixture-spawn-path
PASS support-fixture-spawn-duration
PASS: 57 freeze contract tests
