
Elf file type is DYN (Position-Independent Executable file)
Entry point 0x23ddb
There are 10 program headers, starting at offset 64

Program Headers:
  Type           Offset   VirtAddr           PhysAddr           FileSiz  MemSiz   Flg Align
  LOAD           0x000000 0x0000000000000000 0x0000000000000000 0x00f710 0x00f710 R   0x1000
  LOAD           0x010000 0x0000000000010000 0x0000000000010000 0x2dd2a6 0x2dd2a6 R E 0x1000
  LOAD           0x2ee000 0x00000000002ee000 0x00000000002ee000 0x085f10 0x085f10 R   0x1000
  LOAD           0x374d48 0x0000000000374d48 0x0000000000374d48 0x00be78 0x00d780 RW  0x1000
  DYNAMIC        0x37e460 0x000000000037e460 0x000000000037e460 0x000180 0x000180 RW  0x8
  NOTE           0x000270 0x0000000000000270 0x0000000000000270 0x000024 0x000024 R   0x4
  TLS            0x374d48 0x0000000000374d48 0x0000000000374d48 0x000020 0x000078 R   0x8
  GNU_EH_FRAME   0x321044 0x0000000000321044 0x0000000000321044 0x00751c 0x00751c R   0x4
  GNU_STACK      0x000000 0x0000000000000000 0x0000000000000000 0x000000 0x000000 RW  0x10
  GNU_RELRO      0x374d48 0x0000000000374d48 0x0000000000374d48 0x00b2b8 0x00b2b8 R   0x1

 Section to Segment mapping:
  Segment Sections...
   00     .note.gnu.build-id .gnu.hash .dynsym .dynstr .rela.dyn 
   01     .init .plt .plt.got .text .fini 
   02     .rodata .eh_frame_hdr .eh_frame .gcc_except_table 
   03     .tdata .init_array .fini_array .data.rel.ro .dynamic .got .data .bss 
   04     .dynamic 
   05     .note.gnu.build-id 
   06     .tdata .tbss 
   07     .eh_frame_hdr 
   08     
   09     .tdata .init_array .fini_array .data.rel.ro .dynamic .got 

Dynamic section at offset 0x37e460 contains 20 entries:
  Tag        Type                         Name/Value
 0x000000000000000c (INIT)               0x10000
 0x000000000000000d (FINI)               0x2ed2a3
 0x0000000000000019 (INIT_ARRAY)         0x374d68
 0x000000000000001b (INIT_ARRAYSZ)       8 (bytes)
 0x000000000000001a (FINI_ARRAY)         0x374d70
 0x000000000000001c (FINI_ARRAYSZ)       8 (bytes)
 0x000000006ffffef5 (GNU_HASH)           0x298
 0x0000000000000005 (STRTAB)             0x2d0
 0x0000000000000006 (SYMTAB)             0x2b8
 0x000000000000000a (STRSZ)              1 (bytes)
 0x000000000000000b (SYMENT)             24 (bytes)
 0x0000000000000015 (DEBUG)              0x0
 0x0000000000000003 (PLTGOT)             0x37e5e0
 0x0000000000000007 (RELA)               0x2d8
 0x0000000000000008 (RELASZ)             62520 (bytes)
 0x0000000000000009 (RELAENT)            24 (bytes)
 0x000000000000001e (FLAGS)              BIND_NOW
 0x000000006ffffffb (FLAGS_1)            Flags: NOW PIE
 0x000000006ffffff9 (RELACOUNT)          2605
 0x0000000000000000 (NULL)               0x0
