
 $$$$$$\  $$$$$$\  $$$$$$\       $$$$$$\  $$\   $$\ $$$$$$$$\ $$\   $$\
$$  __$$\ \_$$  _|$$  __$$\     $$  __$$\ $$ |  $$ |\__$$  __|$$ |  $$ |
$$ /  $$ |  $$ |  $$ /  \__|$$\ $$ /  $$ |$$ |  $$ |   $$ |   $$ |  $$ |
$$$$$$$$ |  $$ |  $$ |$$$$\ \__|$$$$$$$$ |$$ |  $$ |   $$ |   $$$$$$$$ |
$$  __$$ |  $$ |  $$ |\_$$ |    $$  __$$ |$$ |  $$ |   $$ |   $$  __$$ |
$$ |  $$ |  $$ |  $$ |  $$ |$$\ $$ |  $$ |$$ |  $$ |   $$ |   $$ |  $$ |
$$ |  $$ |$$$$$$\ \$$$$$$  |\__|$$ |  $$ |\$$$$$$  |   $$ |   $$ |  $$ |
\__|  \__|\______| \______/     \__|  \__| \______/    \__|   \__|  \__|

 is protected by Conductor SUT Authentication - 20260511.01-gee7e625.

Reminder: An SSH key is required to access this system.
To manage your Conductor SSH keys please visit https://conductor.amd.com/user/dashboard/key-management

You will be denied access to this system if:
  • You did not provide a valid SSH key
  • You do not have an active reservation in Conductor
  • You are not in the required security groups (ex: mi300_doc.4erminus)

____________   _______________________________________^__
 ___   ___ |||  ___   ___   ___    ___ ___  |   __  ,----\
|   | |   |||| |   | |   | |   |  |   |   | |  |  | |_____\
|___| |___|||| |___| |___| |___|  | O | O | |  |  |        \
           |||                    |___|___| |  |__|         )
___________|||______________________________|______________/
           |||                                        /--------
-----------'''---------------------------------------'

For other help resources please visit https://conductor.amd.com/docs

Checking authorization now...
Untagged: fe2o3-source-tools:230-thj0cmdw
Deleted: sha256:cdbbaae92eb74959917ec3bfdbe175a8a44622ac42290eae334b1fa78ed2a055
Deleted: sha256:18a166e14f91d06a775485c9f23c5c6709bb0eb51b92c37e5acfbf53e273b6c0
Owned scratch and compiler-tools image removed; protected runtime retained.
