COMMAND: cargo clippy --locked -p fe2o3-host -p fe2o3-kernel-analysis -p fe2o3-kfd -p fe2o3-runtime -p fe2o3-verifier --lib --tests
warning: /dev/shm/fe2o3-safe-launch230-20260917-QBQoVnWw/source/crates/rustc-codegen-fe2o3/tests/fixtures/local-marker/Cargo.toml: file `/dev/shm/fe2o3-safe-launch230-20260917-QBQoVnWw/source/crates/rustc-codegen-fe2o3/tests/fixtures/local-marker/src/main.rs` found to be present in multiple build targets:
  * `lib` target `fe2o3_trusted_item_local_marker`
  * `bin` target `fe2o3-trusted-item-local-marker`
warning: this `if` statement can be collapsed
   --> crates/fe2o3-kernel-ir/src/formal_memory_obligations/pointer_derivation.rs:118:5
    |
118 | /     if let Some(guarded) = &mut context.guarded {
119 | |         if let Some(access) =
120 | |             guarded.access(location, pointer, kind, access, invocations, predicate)?
...   |
124 | |     }
    | |_____^
    |
    = help: for further information visit https://rust-lang.github.io/rust-clippy/master/index.html#collapsible_if
    = note: `#[warn(clippy::collapsible_if)]` on by default
help: collapse nested if block
    |
118 ~     if let Some(guarded) = &mut context.guarded
119 ~         && let Some(access) =
120 |             guarded.access(location, pointer, kind, access, invocations, predicate)?
121 |         {
122 |             return Ok(access);
123 ~         }
    |

warning: this function has too many arguments (8/7)
   --> crates/fe2o3-kernel-ir/src/local_frame_effects_v1/chain_v1.rs:250:1
    |
250 | / fn stage_edge(
251 | |     function: usize,
252 | |     source: BlockId,
253 | |     successor: u8,
...   |
258 | |     budget: &mut Budget<'_>,
259 | | ) -> Result<(), LocalFrameErrorV1> {
    | |__________________________________^
    |
    = help: for further information visit https://rust-lang.github.io/rust-clippy/master/index.html#too_many_arguments
    = note: `#[warn(clippy::too_many_arguments)]` on by default

warning: this boolean expression can be simplified
   --> crates/fe2o3-kernel-ir/src/local_frame_effects_v1.rs:686:16
    |
686 |               if !matches!(result.ty, Type::Scalar(_) | Type::Unit)
    |  ________________^
687 | |                 && !(allowed_pointer && matches!(result.ty, Type::Pointer(_)))
    | |______________________________________________________________________________^ help: try: `!(matches!(result.ty, Type::Scalar(_) | Type::Unit) || allowed_pointer && matches!(result.ty, Type::Pointer(_)))`
    |
    = help: for further information visit https://rust-lang.github.io/rust-clippy/master/index.html#nonminimal_bool
    = note: `#[warn(clippy::nonminimal_bool)]` on by default

warning: `fe2o3-kernel-ir` (lib) generated 3 warnings (run `cargo clippy --fix --lib -p fe2o3-kernel-ir -- ` to apply 1 suggestion)
    Checking fe2o3-kernel-analysis v0.1.0 (/dev/shm/fe2o3-safe-launch230-20260917-QBQoVnWw/source/crates/fe2o3-kernel-analysis)
    Checking fe2o3-pliron v0.1.0 (/dev/shm/fe2o3-safe-launch230-20260917-QBQoVnWw/source/crates/fe2o3-pliron)
    Checking fe2o3-kernel-opt v0.1.0 (/dev/shm/fe2o3-safe-launch230-20260917-QBQoVnWw/source/crates/fe2o3-kernel-opt)
    Checking fe2o3-amdgcn-model v0.1.0 (/dev/shm/fe2o3-safe-launch230-20260917-QBQoVnWw/source/crates/fe2o3-amdgcn-model)
    Checking dialect-amdgcn v0.1.0 (/dev/shm/fe2o3-safe-launch230-20260917-QBQoVnWw/source/crates/dialect-amdgcn)
    Checking fe2o3-lower-mir-kernel v0.1.0 (/dev/shm/fe2o3-safe-launch230-20260917-QBQoVnWw/source/crates/fe2o3-lower-mir-kernel)
warning: this function has too many arguments (8/7)
   --> crates/fe2o3-lower-mir-kernel/src/production_local_helper_values_v1.rs:493:5
    |
493 | /     fn resolve_source_place(
494 | |         &mut self,
495 | |         site: fe2o3_pliron::ProductionSemanticSsaOccurrenceSiteV1,
496 | |         role: fe2o3_pliron::ProductionSemanticSsaOperandRoleV1,
...   |
501 | |         budget: &mut ArgumentBudgetV1<'_>,
502 | |     ) -> Result<usize, ProductionSemanticKirErrorV1> {
    | |____________________________________________________^
    |
    = help: for further information visit https://rust-lang.github.io/rust-clippy/master/index.html#too_many_arguments
    = note: `#[warn(clippy::too_many_arguments)]` on by default

warning: this function has too many arguments (14/7)
   --> crates/fe2o3-lower-mir-kernel/src/production_local_helper_memory_v1.rs:642:5
    |
642 | /     fn memory_effect(
643 | |         &mut self,
644 | |         site: fe2o3_pliron::ProductionSemanticSsaOccurrenceSiteV1,
645 | |         role: fe2o3_pliron::ProductionSemanticSsaOperandRoleV1,
...   |
656 | |         budget: &mut ArgumentBudgetV1<'_>,
657 | |     ) -> Result<([usize; 7], usize), ProductionSemanticKirErrorV1> {
    | |__________________________________________________________________^
    |
    = help: for further information visit https://rust-lang.github.io/rust-clippy/master/index.html#too_many_arguments

warning: this function has too many arguments (8/7)
   --> crates/fe2o3-lower-mir-kernel/src/production_local_helper_memory_v1.rs:873:5
    |
873 | /     fn read_memory_place(
874 | |         &mut self,
875 | |         site: fe2o3_pliron::ProductionSemanticSsaOccurrenceSiteV1,
876 | |         role: fe2o3_pliron::ProductionSemanticSsaOperandRoleV1,
...   |
881 | |         budget: &mut ArgumentBudgetV1<'_>,
882 | |     ) -> Result<usize, ProductionSemanticKirErrorV1> {
    | |____________________________________________________^
    |
    = help: for further information visit https://rust-lang.github.io/rust-clippy/master/index.html#too_many_arguments

warning: very complex type used. Consider factoring parts into `type` definitions
   --> crates/fe2o3-lower-mir-kernel/src/production_pre_ranked_local_frames_v1.rs:345:6
    |
345 |   ) -> Result<
    |  ______^
346 | |     (
347 | |         Vec<RetainedLocalAllocationV1>,
348 | |         Vec<RetainedLocalAccessV1>,
...   |
352 | |     ProductionPreRankedKirErrorV1,
353 | | > {
    | |_^
    |
    = help: for further information visit https://rust-lang.github.io/rust-clippy/master/index.html#type_complexity
    = note: `#[warn(clippy::type_complexity)]` on by default

warning: large size difference between variants
   --> crates/fe2o3-lower-mir-kernel/src/production_pre_ranked_v1.rs:391:1
    |
391 | /  enum RetainedProductionKirModuleV1 {
392 | |      Legacy(Module),
    | |      -------------- the second-largest variant contains at least 96 bytes
393 | |/     Connected {
394 | ||         executable: fe2o3_kernel_ir::VerifiedCanonicalKernelIrModuleV12,
395 | ||         storage: fe2o3_kernel_ir::CanonicalKernelIrReplayStorageV12,
396 | ||         assert_origins: SealedAssertOriginsV1,
397 | ||         source_launch: crate::ProductionSourceLaunchRosterV1,
398 | ||         helper_memory: SealedHelperMemoryV1,
399 | ||     },
    | ||_____- the largest variant contains at least 616 bytes
400 | |  }
    | |__^ the entire enum is at least 616 bytes
    |
    = help: for further information visit https://rust-lang.github.io/rust-clippy/master/index.html#large_enum_variant
    = note: `#[warn(clippy::large_enum_variant)]` on by default
help: consider boxing the large fields or introducing indirection in some other way to reduce the total size of the enum
    |
398 -         helper_memory: SealedHelperMemoryV1,
398 +         helper_memory: Box<SealedHelperMemoryV1>,
    |

warning: this `if` statement can be collapsed
   --> crates/fe2o3-lower-mir-kernel/src/production_source_output_private_array_census_v1.rs:410:9
    |
410 | /         if let Some(previous) = prior {
411 | |             if previous.key == allocation.key && previous.slot != allocation.slot {
412 | |                 return Err(Error::Invalid(
413 | |                     "private output allocation shared by original slots",
...   |
416 | |         }
    | |_________^
    |
    = help: for further information visit https://rust-lang.github.io/rust-clippy/master/index.html#collapsible_if
    = note: `#[warn(clippy::collapsible_if)]` on by default
help: collapse nested if block
    |
410 ~         if let Some(previous) = prior
411 ~             && previous.key == allocation.key && previous.slot != allocation.slot {
412 |                 return Err(Error::Invalid(
413 |                     "private output allocation shared by original slots",
414 |                 ));
415 ~             }
    |

warning: `fe2o3-lower-mir-kernel` (lib) generated 6 warnings (run `cargo clippy --fix --lib -p fe2o3-lower-mir-kernel -- ` to apply 1 suggestion)
    Checking fe2o3-verifier v0.1.0 (/dev/shm/fe2o3-safe-launch230-20260917-QBQoVnWw/source/crates/fe2o3-verifier)
    Checking fe2o3-hsaco-finalize v0.1.0 (/dev/shm/fe2o3-safe-launch230-20260917-QBQoVnWw/source/crates/fe2o3-hsaco-finalize)
    Checking fe2o3-runtime-protocol v0.1.0 (/dev/shm/fe2o3-safe-launch230-20260917-QBQoVnWw/source/crates/fe2o3-runtime-protocol)
    Checking fe2o3-host v0.1.0 (/dev/shm/fe2o3-safe-launch230-20260917-QBQoVnWw/source/crates/fe2o3-host)
warning: variants `WorkgroupCollective` and `Tiled` are never constructed
   --> crates/fe2o3-verifier/tests/../../../tests/support/compiler_proof_inputs_v3.rs:308:5
    |
306 | pub(crate) enum ProductionSourceIsaKernelFamilyV1 {
    |                 --------------------------------- variants in this enum
307 |     Elementwise,
308 |     WorkgroupCollective,
    |     ^^^^^^^^^^^^^^^^^^^
309 |     Tiled,
    |     ^^^^^
    |
    = note: `ProductionSourceIsaKernelFamilyV1` has derived impls for the traits `Debug` and `Clone`, but these are intentionally ignored during dead code analysis
    = note: `#[warn(dead_code)]` (part of `#[warn(unused)]`) on by default

warning: the `Err`-variant returned from this function is very large
  --> crates/fe2o3-verifier/tests/compiler_proof_binding_v3.rs:94:6
   |
94 | ) -> Result<fe2o3_verifier::ValidatedCompilerProofInputsV3, CompilerProofInputValidationErrorV3> {
   |      ^^^^^^^^^^^^^^^^^^^^^^^^^^^^^^^^^^^^^^^^^^^^^^^^^^^^^^^^^^^^^^^^^^^^^^^^^^^^^^^^^^^^^^^^^^^ the `Err`-variant is at least 128 bytes
   |
   = help: try reducing the size of `fe2o3_verifier::CompilerProofInputValidationErrorV3`, for example by boxing large elements or replacing it with `Box<fe2o3_verifier::CompilerProofInputValidationErrorV3>`
   = help: for further information visit https://rust-lang.github.io/rust-clippy/master/index.html#result_large_err
   = note: `#[warn(clippy::result_large_err)]` on by default

warning: `fe2o3-verifier` (test "compiler_proof_binding_v3") generated 2 warnings
warning: `fe2o3-verifier` (test "compiler_proof_binding_v4") generated 1 warning (1 duplicate)
warning: this assertion has a constant value
    --> crates/fe2o3-verifier/src/functional_refinement_process_tree_v1_linux.rs:2080:9
     |
2080 |         assert!(CPU_LIMIT_MAX_SECONDS > 0);
     |         ^^^^^^^^^^^^^^^^^^^^^^^^^^^^^^^^^^
     |
     = help: consider moving this into a const block: `const { assert!(..) }`
     = help: for further information visit https://rust-lang.github.io/rust-clippy/master/index.html#assertions_on_constants
     = note: `#[warn(clippy::assertions_on_constants)]` on by default

warning: this assertion has a constant value
    --> crates/fe2o3-verifier/src/functional_refinement_process_tree_v1_linux.rs:2083:9
     |
2083 |         assert!(ADDRESS_SPACE_LIMIT_V2 > 0);
     |         ^^^^^^^^^^^^^^^^^^^^^^^^^^^^^^^^^^^
     |
     = help: consider moving this into a const block: `const { assert!(..) }`
     = help: for further information visit https://rust-lang.github.io/rust-clippy/master/index.html#assertions_on_constants

warning: this assertion has a constant value
    --> crates/fe2o3-verifier/src/functional_refinement_process_tree_v1_linux.rs:2084:9
     |
2084 |         assert!(DATA_LIMIT_V2 > 0);
     |         ^^^^^^^^^^^^^^^^^^^^^^^^^^
     |
     = help: consider moving this into a const block: `const { assert!(..) }`
     = help: for further information visit https://rust-lang.github.io/rust-clippy/master/index.html#assertions_on_constants

warning: `fe2o3-verifier` (lib test) generated 3 warnings
    Finished `dev` profile [unoptimized] target(s) in 1m 51s
2.0G	/dev/shm/fe2o3-safe-launch230-20260917-QBQoVnWw
