Uid:	61074	61074	61074	61074
Gid:	61074	61074	61074	61074
Groups:	61074
CapInh:	0000000000000000
CapPrm:	0000000000000000
CapEff:	0000000000000000
CapBnd:	0000000000000000
CapAmb:	0000000000000000
NoNewPrivs:	1
Seccomp:	0
Seccomp_filters:	0
FE2O3_FUNCTIONAL_REFINEMENT_RUNTIME_V1_INSTALLED_OK manifest_sha256=ffef09bd240c90e72cbff31a82bc5173c796ba7ab9af239245e7ad892c25641c root=/opt/fe2o3/verus-runtime-v2/functional-refinement-0.2026.08.02-b677dd5
rustc 1.96.0-nightly (55e86c996 2026-04-02)
binary: rustc
commit-hash: 55e86c996809902e8bbad512cfb4d2c18be446d9
commit-date: 2026-04-02
host: x86_64-unknown-linux-gnu
release: 1.96.0-nightly
LLVM version: 22.1.2
cargo 1.96.0-nightly (888f67534 2026-03-30)
warning: /source/crates/rustc-codegen-fe2o3/tests/fixtures/local-marker/Cargo.toml: file `/source/crates/rustc-codegen-fe2o3/tests/fixtures/local-marker/src/main.rs` found to be present in multiple build targets:
  * `lib` target `fe2o3_trusted_item_local_marker`
  * `bin` target `fe2o3-trusted-item-local-marker`
   Compiling fe2o3-verifier v0.1.0 (/source/crates/fe2o3-verifier)
   Compiling rustc-codegen-fe2o3 v0.1.0 (/source/crates/rustc-codegen-fe2o3)
   Compiling fe2o3-host v0.1.0 (/source/crates/fe2o3-host)
    Finished `test` profile [unoptimized] target(s) in 13.24s
  Executable tests/reference_binding_v1.rs (/work/target/debug/deps/reference_binding_v1-fcf508b49566e105)
warning: /source/crates/rustc-codegen-fe2o3/tests/fixtures/local-marker/Cargo.toml: file `/source/crates/rustc-codegen-fe2o3/tests/fixtures/local-marker/src/main.rs` found to be present in multiple build targets:
  * `lib` target `fe2o3_trusted_item_local_marker`
  * `bin` target `fe2o3-trusted-item-local-marker`
    Finished `test` profile [unoptimized] target(s) in 0.07s
     Running tests/reference_binding_v1.rs (/work/target/debug/deps/reference_binding_v1-fcf508b49566e105)
warning: /source/crates/rustc-codegen-fe2o3/tests/fixtures/local-marker/Cargo.toml: file `/source/crates/rustc-codegen-fe2o3/tests/fixtures/local-marker/src/main.rs` found to be present in multiple build targets:
  * `lib` target `fe2o3_trusted_item_local_marker`
  * `bin` target `fe2o3-trusted-item-local-marker`
    Finished `test` profile [unoptimized] target(s) in 0.07s
     Running tests/reference_binding_v1.rs (/work/target/debug/deps/reference_binding_v1-fcf508b49566e105)

running 1 test
test reviewed_host_tests::protected_rust_reference_positive_reaches_verified_callback ...
thread 'reviewed_host_tests::protected_rust_reference_positive_reaches_verified_callback' (790) panicked at crates/rustc-codegen-fe2o3/tests/reference_binding_v1/reviewed_host_tests.rs:27:5:
assertion `left == right` failed: protected source feature reference-positive had unexpected status exit status: 101:
warning: /source/crates/rustc-codegen-fe2o3/tests/fixtures/local-marker/Cargo.toml: file `/source/crates/rustc-codegen-fe2o3/tests/fixtures/local-marker/src/main.rs` found to be present in multiple build targets:
  * `lib` target `fe2o3_trusted_item_local_marker`
  * `bin` target `fe2o3-trusted-item-local-marker`
   Compiling typenum v1.20.1
   Compiling hybrid-array v0.4.14
   Compiling crypto-common v0.2.2
   Compiling block-buffer v0.12.1
   Compiling digest v0.11.3
   Compiling cfg-if v1.0.4
   Compiling cpufeatures v0.3.1
   Compiling sha2 v0.11.0
   Compiling fe2o3-target-spec v0.1.0 (/source/crates/fe2o3-target-spec)
   Compiling libc v0.2.189
   Compiling fe2o3-amd-target v0.1.0 (/source/crates/fe2o3-amd-target)
   Compiling fe2o3-build-authority v0.1.0 (/source/crates/fe2o3-build-authority)
   Compiling fe2o3-rustc-invocation v0.1.0 (/source/crates/fe2o3-rustc-invocation)
   Compiling fe2o3-kernel-descriptor v0.1.0 (/source/crates/fe2o3-kernel-descriptor)
   Compiling proc-macro2 v1.0.107
   Compiling rustix v1.1.4
   Compiling fe2o3-compiler-lineage v0.1.0 (/source/crates/fe2o3-compiler-lineage)
   Compiling reserved-fe2o3-symbols v0.1.0 (/source/crates/reserved-fe2o3-symbols)
   Compiling hashbrown v0.17.1
   Compiling unicode-ident v1.0.24
   Compiling equivalent v1.0.2
   Compiling winnow v1.0.4
   Compiling bitflags v2.13.1
   Compiling linux-raw-sys v0.12.1
   Compiling quote v1.0.47
   Compiling toml_parser v1.1.3+spec-1.1.0
   Compiling indexmap v2.14.1
   Compiling fe2o3-compiler-ffi v0.1.0 (/source/crates/fe2o3-compiler-ffi)
   Compiling toml_datetime v1.1.1+spec-1.1.0
   Compiling toml_edit v0.25.13+spec-1.1.0
   Compiling fe2o3-artifact-transaction v0.1.0 (/source/crates/fe2o3-artifact-transaction)
   Compiling compiler_builtins v0.1.160 (/toolchain/lib/rustlib/src/rust/library/compiler-builtins/compiler-builtins)
   Compiling syn v2.0.119
   Compiling fe2o3-artifacts v0.1.0 (/source/crates/fe2o3-artifacts)
   Compiling proc-macro-crate v3.5.0
   Compiling fe2o3-rustc-front v0.1.0 (/source/crates/fe2o3-rustc-front)
   Compiling core v0.0.0 (/toolchain/lib/rustlib/src/rust/library/core)
   Compiling fe2o3-macros v0.1.0 (/source/crates/fe2o3-macros)
    Checking fe2o3-device v0.1.0 (/source/crates/fe2o3-device)
warning: unknown and unstable feature specified for `-Ctarget-feature`: `xnack`
  |
  = note: it is still passed through to the codegen backend, but use of this feature might be unsound and the behavior of this feature can change in the future
  = help: consider filing a feature request

warning: unknown and unstable feature specified for `-Ctarget-feature`: `wavefrontsize64`
  |
  = note: it is still passed through to the codegen backend, but use of this feature might be unsound and the behavior of this feature can change in the future
  = help: consider filing a feature request

warning: unknown and unstable feature specified for `-Ctarget-feature`: `wavefrontsize32`
  |
  = note: it is still passed through to the codegen backend, but use of this feature might be unsound and the behavior of this feature can change in the future
  = help: consider filing a feature request

warning: `fe2o3-device` (lib) generated 3 warnings
    Checking fe2o3-production-extraction-fixture v0.1.0 (/source/crates/rustc-codegen-fe2o3/tests/fixtures/production-extraction-device)
fe2o3 rustc extraction: production compilation general kernel verification failed: source-to-proof V2 ranked admission failed: error[FE2O3-OWN-002]: GPU hierarchy ownership is incomplete because guarded invocation tracing failed: launch dimension 0 is dynamic
help[FE2O3-FIX-OWNERSHIP] (HasPlaceholders): make the lane, subgroup, workgroup, and grid ownership sets disjoint and cover the declared output domain exactly
warning: `fe2o3-production-extraction-fixture` (lib) generated 3 warnings (3 duplicates)
error: could not compile `fe2o3-production-extraction-fixture` (lib); 3 warnings emitted

Caused by:
  process didn't exit successfully: `/work/target/debug/fe2o3-rustc-extract /toolchain/bin/rustc --crate-name fe2o3_production_extraction_fixture --edition=2024 crates/rustc-codegen-fe2o3/tests/fixtures/production-extraction-device/src/lib.rs --error-format=json --json=diagnostic-rendered-ansi,artifacts,future-incompat --crate-type lib --emit=dep-info,metadata -C embed-bitcode=no -C debuginfo=1 --cfg 'feature="reference-positive"' --check-cfg 'cfg(docsrs,test)' --check-cfg 'cfg(feature, values("atomic-rmw", "fabs-f32", "is-finite-fabs-f32", "multi-root-ownership", "multi-root-target-lineage", "reference-abi-mismatch", "reference-aggregate", "reference-call", "reference-duplicate", "reference-dynamic-loop", "reference-generic-mismatch", "reference-helper-memory", "reference-helper-recursive", "reference-helper-unsafe", "reference-loop", "reference-loop-overflow", "reference-missing", "reference-mutated", "reference-nested-call", "reference-no-output", "reference-non-function", "reference-orphan", "reference-positive", "reference-slice-read", "reference-two-output-alias", "reference-two-output-positive", "reference-two-output-schedule", "reference-two-output-substitution", "reference-unsafe", "reference-write-only-coordinate-read", "reference-write-only-positive", "scalar-transmute", "three-root-ownership", "volatile-load-f32", "write-only-disjoint-output", "write-only-output"))' -C metadata=4a05c56225af4f6c -C extra-filename=-f44044a6f3360c6f --out-dir /work/tmp/fe2o3-reference-binding-789-1789689599011240009/amdgcn-amd-amdhsa/debug/deps --target amdgcn-amd-amdhsa -L dependency=/work/tmp/fe2o3-reference-binding-789-1789689599011240009/amdgcn-amd-amdhsa/debug/deps -L dependency=/work/tmp/fe2o3-reference-binding-789-1789689599011240009/debug/deps --extern 'noprelude,nounused:compiler_builtins=/work/tmp/fe2o3-reference-binding-789-1789689599011240009/amdgcn-amd-amdhsa/debug/deps/libcompiler_builtins-1344a9ec3eeb0a3b.rlib' --extern 'noprelude,nounused:core=/work/tmp/fe2o3-reference-binding-789-1789689599011240009/amdgcn-amd-amdhsa/debug/deps/libcore-e512724a2d923172.rlib' --extern fe2o3_device=/work/tmp/fe2o3-reference-binding-789-1789689599011240009/amdgcn-amd-amdhsa/debug/deps/libfe2o3_device-ea2a0e03e4fac5d2.rmeta -Z unstable-options -Zalways-encode-mir -Ctarget-cpu=gfx942 -Ctarget-feature=-xnack,+wavefrontsize64,-wavefrontsize32` (exit status: 1)

  left: Some(101)
 right: Some(0)
note: run with `RUST_BACKTRACE=1` environment variable to display a backtrace
FAILED

failures:

failures:
    reviewed_host_tests::protected_rust_reference_positive_reaches_verified_callback

test result: FAILED. 0 passed; 1 failed; 0 ignored; 0 measured; 7 filtered out; finished in 42.61s

error: test failed, to rerun pass `-p rustc-codegen-fe2o3 --test reference_binding_v1`
warning: /source/crates/rustc-codegen-fe2o3/tests/fixtures/local-marker/Cargo.toml: file `/source/crates/rustc-codegen-fe2o3/tests/fixtures/local-marker/src/main.rs` found to be present in multiple build targets:
  * `lib` target `fe2o3_trusted_item_local_marker`
  * `bin` target `fe2o3-trusted-item-local-marker`
    Finished `test` profile [unoptimized] target(s) in 0.07s
     Running tests/reference_binding_v1.rs (/work/target/debug/deps/reference_binding_v1-fcf508b49566e105)
warning: /source/crates/rustc-codegen-fe2o3/tests/fixtures/local-marker/Cargo.toml: file `/source/crates/rustc-codegen-fe2o3/tests/fixtures/local-marker/src/main.rs` found to be present in multiple build targets:
  * `lib` target `fe2o3_trusted_item_local_marker`
  * `bin` target `fe2o3-trusted-item-local-marker`
    Finished `test` profile [unoptimized] target(s) in 0.07s
     Running tests/reference_binding_v1.rs (/work/target/debug/deps/reference_binding_v1-fcf508b49566e105)

running 1 test
test reviewed_host_tests::protected_rust_reference_mutation_fails_functional_proof ... ok

test result: ok. 1 passed; 0 failed; 0 ignored; 0 measured; 7 filtered out; finished in 43.08s
