PASS: runtime expected-negative quality and inventory checked 624 files
R65_GRAPH_VERSIONS_SHA256=a9e2e05d0414bae9ce72d0ca81916de23d53376c3acd3f581745ffcfd42bce85
NEGATIVE_R65_INPUT_EXACT_SHA256=181b9d2b7cd794897f5bce1999f594b1f383b355283ef3ed147b9be81ca5b266
NEGATIVE_R65_INPUT_AVAILABLE_SHA256=3c1dfd1fd727319f2ed110e839453af1a05d920361e884fdd259484262be0a14
NEGATIVE_R65_BEGIN_PLANNED_SHA256=ff3ef6eb1e1e0d3802ba3375b3363ccec5d5fde0095434c3c7cc45992068dd67
NEGATIVE_R65_BEGIN_EXCLUSIVE_SHA256=59401bb5ccbf13500483491d92357bb3699a766821d7539e3701c4dcfe02be70
NEGATIVE_R65_BEGIN_PREDECESSOR_SHA256=7ff70df9690596942e28f62dd01baf65ddd8a963ace04af0ab13d9728bce4eab
NEGATIVE_R65_COMMIT_IN_FLIGHT_SHA256=0d77dd323192cce174f706c226d869e2699fbceb7589473c7abfeb8721c52f4a
NEGATIVE_R65_COMMIT_EXACT_OWNER_SHA256=02da3d40708bafb0dbdcf0fb8f8db95b6af4cb72dc0b2ac220cf60c58dd3aacc
NEGATIVE_R65_COMMIT_INVALIDATED_SHA256=97e557901275324f3fe1e5b347fd3462a672facf4c9802e40c129e8556858b1e
NEGATIVE_QUALITY_CHECKER_SHA256=b71902e5938cbd9aec2f9e0db2395ad72a04286d09af82c8427abb7328a26206
TRANSCRIPT_SHA256=03e54f96a699bc3bbee9f18e615d51a3a5bd77e5334aba575ce463448f79aaf4
positive_sources=54 positive_obligations=1300 negative_sources=624 preseal_assignments=1368
unchanged_authority_function=read_pin sha256=dd0f063d2e13126778cfec4fc6bd9a89af38a0b55ed45491e59eff830a3448aa
unchanged_authority_function=check_digest sha256=1b1af7d88401a6baa244c63b3edd41fd15b07814e02f3d1bfb4b1841c33819e0
unchanged_authority_function=run_verus sha256=a22ae6cb1d34ec0ea6b402ecf96008773cefcc620e511aae7bc3d6e495b5cf66
unchanged_authority_function=check_positive sha256=2f353f8881c8def07ede3a251bb64de9148b92c802eda65b768a64172cd65d92
unchanged_authority_function=check_negative sha256=030b914bc4d005c3363972f5469591b6f4954872785932c66d7cfed94e779636
unchanged_authority_function=seal_authority sha256=3e49725d7555f6816455cac2080aae192a8ad6210f62f5be5d8f19ac395d227a
RUNNER_SHA256=48d54a50d6b01a0bf17c2d03d22f276080c937f74bfe254cb50d8d6b2cce1bf7
PRESEAL_SHA256=161394d9e5a9bac57e94eca276ae35c38508a471466a4870181bd87c862aafe2
CHECK_SOURCES_SHA256=afb3adf8f64c0ff4be3c17ce0c8ce45fdbb5e9d2eb2aa8ea0e92253df59072a5
LOG_SHA256=c549036f78993344687ba10460a300a581a94fd66c8e98c82dd38eb58c45ecbe target/r65-model-unit.log
LOG_SHA256=dc3f27693e49df32ae1b2e0cbae92edbf8609ab86296b8f17c7fe7ce68d0b53b target/r65-targeted-verus/begin_exclusive-negative.log
LOG_SHA256=342ce9042303c810a8c7bca37781f332178b664d7fb88cfd444df3741c9140f4 target/r65-targeted-verus/begin_planned-negative.log
LOG_SHA256=7f1a7603e18829b93208306763d56bc329d3737ab374f63306d4be07be8cbf3e target/r65-targeted-verus/begin_predecessor-negative.log
LOG_SHA256=911d69a2057558a42e94ea781a20b336157eba1f412c892e60e9e6f79270bf75 target/r65-targeted-verus/commit_exact_owner-negative.log
LOG_SHA256=1fdfd1bb5c116f90ad9f44387958afac12d357df1cc5b0e5aed6b9dca046c0f0 target/r65-targeted-verus/commit_in_flight-negative.log
LOG_SHA256=22352bafe34343deffb77e82155c2f59c05d644249465e7cb8efb90275656709 target/r65-targeted-verus/commit_invalidated-negative.log
LOG_SHA256=9c7c70ba00bc360991b470ee9713c19b70a089aed897144db74d275d90dbf23a target/r65-targeted-verus/input_available-negative.log
LOG_SHA256=35b0ac98decf25b4e98abf4240c86438c7be0d200a12f702d2b16b5bcddc0013 target/r65-targeted-verus/input_exact-negative.log
LOG_SHA256=dd7509bc0ac9ff84e95879625b1a17c7d40dfe5edc4f7507088ca2bf1b7f3da3 target/r65-targeted-verus/positive.log
PASS: R65 pins, accounting, unchanged authority functions, shell syntax and whitespace
