CASE: same-block
CHECK-BEFORE: module commutative-golden-subject kernels=0
CHECK-BEFORE: f0 f params=[v0:U32,v1:U32] results=[U32]
CHECK-BEFORE: f0:b0 block-id=10
CHECK-BEFORE: f0:b0:o0 [v2:U32] BitAnd v0,v1
CHECK-BEFORE: f0:b0:o1 [v3:U32] BitAnd v1,v0
CHECK-BEFORE: f0:b0:term Return [v3]
CHECK-AFTER: module commutative-golden-subject kernels=0
CHECK-AFTER: f0 f params=[v0:U32,v1:U32] results=[U32]
CHECK-AFTER: f0:b0 block-id=10
CHECK-AFTER: f0:b0:o0 [v2:U32] BitAnd v0,v1
CHECK-AFTER: f0:b0:term Return [v2]
CHECK-REMARK: proved=1 changed=true independently-checked=true authority=false
CHECK-REMARK: f0:b0:o0 retained f0:b0:o0
CHECK-REMARK: f0:b0:o1:r0 substituted f0:b0:o0:r0
