CASE: siblings
CHECK-BEFORE: module commutative-golden-subject kernels=0
CHECK-BEFORE: f0 f params=[v0:U32,v1:U32,v2:Bool] results=[U32]
CHECK-BEFORE: f0:b0 block-id=10
CHECK-BEFORE: f0:b0:term Conditional v2 then-id=20 [] else-id=30 []
CHECK-BEFORE: f0:b1 block-id=20
CHECK-BEFORE: f0:b1:o0 [v3:U32] BitOr v0,v1
CHECK-BEFORE: f0:b1:term Return [v3]
CHECK-BEFORE: f0:b2 block-id=30
CHECK-BEFORE: f0:b2:o0 [v4:U32] BitOr v1,v0
CHECK-BEFORE: f0:b2:term Return [v4]
CHECK-AFTER: module commutative-golden-subject kernels=0
CHECK-AFTER: f0 f params=[v0:U32,v1:U32,v2:Bool] results=[U32]
CHECK-AFTER: f0:b0 block-id=10
CHECK-AFTER: f0:b0:term Conditional v2 then-id=20 [] else-id=30 []
CHECK-AFTER: f0:b1 block-id=20
CHECK-AFTER: f0:b1:o0 [v3:U32] BitOr v0,v1
CHECK-AFTER: f0:b1:term Return [v3]
CHECK-AFTER: f0:b2 block-id=30
CHECK-AFTER: f0:b2:o0 [v4:U32] BitOr v1,v0
CHECK-AFTER: f0:b2:term Return [v4]
CHECK-REMARK: proved=0 changed=false independently-checked=true authority=false
CHECK-REMARK: f0:b1:o0 retained f0:b1:o0
CHECK-REMARK: f0:b2:o0 retained f0:b2:o0
