CASE: dominance
CHECK-BEFORE: module policy10-golden kernels=0 layouts=0
CHECK-BEFORE: f0 f params=[v0:Bool,v1:U32,v2:U32] results=[U32]
CHECK-BEFORE: f0:b0 block-id=90 params=[]
CHECK-BEFORE: f0:b0:o0 [v10:U32] BitXor v1,v2
CHECK-BEFORE: f0:b0:term Branch id=200 []
CHECK-BEFORE: f0:b1 block-id=200 params=[]
CHECK-BEFORE: f0:b1:o0 [v11:U32] BitXor v1,v2
CHECK-BEFORE: f0:b1:term Return [v11]
CHECK-AFTER: module policy10-golden kernels=0 layouts=0
CHECK-AFTER: f0 f params=[v0:Bool,v1:U32,v2:U32] results=[U32]
CHECK-AFTER: f0:b0 block-id=90 params=[]
CHECK-AFTER: f0:b0:o0 [v10:U32] BitXor v1,v2
CHECK-AFTER: f0:b0:term Branch id=200 []
CHECK-AFTER: f0:b1 block-id=200 params=[]
CHECK-AFTER: f0:b1:term Return [v10]
CHECK-REMARK: policy=10 schema=18 passes=integer-neutral-worklist,local-pure-cse,dominance-pure-cse,dce
CHECK-REMARK: changed=true independently-checked=true authority=false
