PASS: runtime expected-negative quality and inventory self-test
PASS: runtime expected-negative quality and inventory checked 669 files
PASS: pinned Verus release closure matched at this measurement (190 files, 129019839 bytes)
verification results:: 2 verified, 0 errors
verification results:: 4 verified, 0 errors
verification results:: 4 verified, 0 errors
verification results:: 6 verified, 0 errors
verification results:: 11 verified, 0 errors
verification results:: 3 verified, 0 errors
verification results:: 8 verified, 0 errors
verification results:: 11 verified, 0 errors
verification results:: 8 verified, 0 errors
verification results:: 10 verified, 0 errors
verification results:: 14 verified, 0 errors
verification results:: 20 verified, 0 errors
verification results:: 18 verified, 0 errors
verification results:: 23 verified, 0 errors
verification results:: 20 verified, 0 errors
verification results:: 10 verified, 0 errors
verification results:: 21 verified, 0 errors
verification results:: 32 verified, 0 errors
verification results:: 34 verified, 0 errors
verification results:: 46 verified, 0 errors
verification results:: 31 verified, 0 errors
verification results:: 37 verified, 0 errors
verification results:: 41 verified, 0 errors
verification results:: 46 verified, 0 errors
verification results:: 34 verified, 0 errors
verification results:: 38 verified, 0 errors
verification results:: 20 verified, 0 errors
verification results:: 31 verified, 0 errors
verification results:: 38 verified, 0 errors
verification results:: 41 verified, 0 errors
verification results:: 34 verified, 0 errors
verification results:: 45 verified, 0 errors
verification results:: 54 verified, 0 errors
verification results:: 13 verified, 0 errors
verification results:: 15 verified, 0 errors
verification results:: 15 verified, 0 errors
verification results:: 19 verified, 0 errors
verification results:: 20 verified, 0 errors
verification results:: 25 verified, 0 errors
verification results:: 43 verified, 0 errors
verification results:: 21 verified, 0 errors
verification results:: 27 verified, 0 errors
verification results:: 39 verified, 0 errors
verification results:: 32 verified, 0 errors
verification results:: 43 verified, 0 errors
verification results:: 31 verified, 0 errors
verification results:: 41 verified, 0 errors
verification results:: 35 verified, 0 errors
verification results:: 46 verified, 0 errors
verification results:: 8 verified, 0 errors
verification results:: 8 verified, 0 errors
verification results:: 8 verified, 0 errors
verification results:: 8 verified, 0 errors
verification results:: 8 verified, 0 errors
verification results:: 16 verified, 0 errors
verification results:: 14 verified, 0 errors
verification results:: 4 verified, 0 errors
verification results:: 4 verified, 0 errors
verification results:: 9 verified, 0 errors
verification results:: 15 verified, 0 errors
expected-negative rejected: release-while-published
expected-negative rejected: vm-generation-substitution
expected-negative rejected: stale-generation-reuse
expected-negative rejected: render-substitution
expected-negative rejected: projection-schema-drop
expected-negative rejected: projection-history-link
expected-negative rejected: projection-identity-mix
expected-negative rejected: projection-currentness-drop
expected-negative rejected: memory-free-while-partial
expected-negative rejected: memory-unmap-cumulative
expected-negative rejected: memory-unmap-failed-full
expected-negative rejected: queue-resource-substitution
expected-negative rejected: queue-destroy-ambiguity
expected-negative rejected: queue-destroy-source-restore
expected-negative rejected: queue-history-prefix
expected-negative rejected: queue-sentinel-returned
expected-negative rejected: queue-publication-owner
expected-negative rejected: queue-ambiguous-id-reuse
expected-negative rejected: queue-mapping-generation
expected-negative rejected: queue-illegal-ambiguity
expected-negative rejected: queue-generic-create-ambiguity
expected-negative rejected: queue-cancel-retention
expected-negative rejected: queue-pending-create-overlap
expected-negative rejected: load-page-overlap
expected-negative rejected: load-descriptor-delta
expected-negative rejected: materialization-source-substitution
expected-negative rejected: materialization-zero-omission
expected-negative rejected: aql-vendor-body
expected-negative rejected: aql-setup-substitution
expected-negative rejected: aql-reservation-replay
expected-negative rejected: aql-read-regression
expected-negative rejected: aql-full-overwrite
expected-negative rejected: r7-generation-reuse
expected-negative rejected: r7-cross-device
expected-negative rejected: r8-eager-publication
expected-negative rejected: r8-conflicting-overlap
expected-negative rejected: r8-dependency-polarity
expected-negative rejected: r8-binding-substitution
expected-negative rejected: r8-generation-substitution
expected-negative rejected: r8-epoch-substitution
expected-negative rejected: r8-atomic-alignment
expected-negative rejected: r8-atomic-coherence
expected-negative rejected: r8-atomic-return
expected-negative rejected: r8-early-collective
expected-negative rejected: r8-duplicate-collective
expected-negative rejected: r9-duplicate-gpu
expected-negative rejected: r9-nonzero-begin-prefix
expected-negative rejected: r9-map-prefix-substitution
expected-negative rejected: r9-unmap-prefix-addition
expected-negative rejected: r9-early-compensation-release
expected-negative rejected: r9-incomplete-compensation
expected-negative rejected: r9-reversed-route
expected-negative rejected: r9-stale-topology
expected-negative rejected: r9-reset-fence-drop
expected-negative rejected: r9-artifact-substitution
expected-negative rejected: r9-receipt-substitution
expected-negative rejected: r9-stale-dispatch
expected-negative rejected: r9-incomplete-dependency
expected-negative rejected: r9-copy-inactive-mapping
expected-negative rejected: r9-uncertain-copy-release
expected-negative rejected: r10-dependency-bypass
expected-negative rejected: r10-partial-batch
expected-negative rejected: r10-pool-generation
expected-negative rejected: r10-peer-owner
expected-negative rejected: r10-cancel-release
expected-negative rejected: r10-quarantine-release
expected-negative rejected: r10-atomic-scope
expected-negative rejected: r10-atomic-fence
expected-negative rejected: r10-atomic-return
expected-negative rejected: r10-wave-early
expected-negative rejected: r10-scan-prefix
expected-negative rejected: r11-atomic-capability
expected-negative rejected: r11-callback-redischarge
expected-negative rejected: r11-compare-exchange-failure-order
expected-negative rejected: r11-collective-membership
expected-negative rejected: r11-collective-partial-tail
expected-negative rejected: r11-event-substitution
expected-negative rejected: r11-mapping-early-release
expected-negative rejected: r11-mapping-uncertain
expected-negative rejected: r12-capability-count
expected-negative rejected: r12-cross-queue-terminal
expected-negative rejected: r12-currentness-quarantine
expected-negative rejected: r12-dependent-release
expected-negative rejected: r12-dependency-bypass
expected-negative rejected: r12-indeterminate-drain
expected-negative rejected: r12-published-cancel
expected-negative rejected: r12-published-release
expected-negative rejected: r12-queue-recreation
expected-negative rejected: r12-queue-occurrence
expected-negative rejected: r12-slot-recycle
expected-negative rejected: r12-slot-generation
expected-negative rejected: r12-stale-drain
expected-negative rejected: r13-currentness-quarantine
expected-negative rejected: r13-dependency-bound
expected-negative rejected: r13-dependency-bypass
expected-negative rejected: r13-dependent-release
expected-negative rejected: r13-fifo-bypass
expected-negative rejected: r13-foreign-owner
expected-negative rejected: r13-foreign-terminal
expected-negative rejected: r13-lane-collision
expected-negative rejected: r13-non-tail-cancel
expected-negative rejected: r13-resource-overlap
expected-negative rejected: r13-third-lane
expected-negative rejected: r14-abandon-release
expected-negative rejected: r14-capacity-bound
expected-negative rejected: r14-duplicate-registration
expected-negative rejected: r14-error-substitution
expected-negative rejected: r14-key-order
expected-negative rejected: r14-pending-removal
expected-negative rejected: r14-status-substitution
expected-negative rejected: r14-stop-cancel
expected-negative rejected: r16-contract-substitution
expected-negative rejected: r16-dependency-bound
expected-negative rejected: r16-handshake-downgrade
expected-negative rejected: r16-pre-custody
expected-negative rejected: r16-reachability
expected-negative rejected: r16-response-custody
expected-negative rejected: r16-sidecar-scope
expected-negative rejected: r16-sidecar-substitution
expected-negative rejected: r16-terminal-reopen
expected-negative rejected: r16-variant-mismatch
expected-negative rejected: r17-allocation-extent
expected-negative rejected: r17-compute-queue
expected-negative rejected: r17-dependency-bound
expected-negative rejected: r17-dependency-bypass
expected-negative rejected: r17-device-count
expected-negative rejected: r17-failure-atomicity
expected-negative rejected: r17-identity-substitution
expected-negative rejected: r17-local-sdma-engine
expected-negative rejected: r17-quarantine-release
expected-negative rejected: r17-range-overflow
expected-negative rejected: r17-slot-generation
expected-negative rejected: r17-use-slot-bound
expected-negative rejected: r17-writer-overlap
expected-negative rejected: r17-xgmi-route-metadata
expected-negative rejected: r18-unique-location
expected-negative rejected: r18-allocation-vm
expected-negative rejected: r18-logical-queue
expected-negative rejected: r18-native-queue
expected-negative rejected: r18-queue-occurrence
expected-negative rejected: r18-attachment-generation
expected-negative rejected: r18-direction-engine
expected-negative rejected: r18-direction-role
expected-negative rejected: r18-persistent-range
expected-negative rejected: r18-host-identity
expected-negative rejected: r18-prepublication-restore
expected-negative rejected: r18-confirmed-ticket
expected-negative rejected: r18-ambiguity-quarantine
expected-negative rejected: r18-timeout-custody
expected-negative rejected: r18-completion-ticket
expected-negative rejected: r18-completion-identity
expected-negative rejected: r18-completion-range
expected-negative rejected: r18-early-release
expected-negative rejected: r18-preparation-quarantine
expected-negative rejected: r18-completion-currentness-quarantine
expected-negative rejected: r18-permanent-quarantine
expected-negative rejected: r18-frontier-substitution
expected-negative rejected: r18-frontier-release
expected-negative rejected: r18-frontier-reuse
expected-negative rejected: r19-child-collision
expected-negative rejected: r19-demote-busy
expected-negative rejected: r19-direction-role
expected-negative rejected: r19-early-release
expected-negative rejected: r19-frontier-allocation
expected-negative rejected: r19-frontier-incarnation
expected-negative rejected: r19-frontier-pair
expected-negative rejected: r19-frontier-reuse
expected-negative rejected: r19-frontier-substitution
expected-negative rejected: r19-physical-extent
expected-negative rejected: r19-pool-aba
expected-negative rejected: r19-preparation-ticket
expected-negative rejected: r19-prepare-before-retirement
expected-negative rejected: r19-rebind-busy
expected-negative rejected: r19-restore-currentness
expected-negative rejected: r19-retained-ticket
expected-negative rejected: r19-same-direction
expected-negative rejected: r19-terminal-status
expected-negative rejected: r19-ticket-child
expected-negative rejected: r19-timeout-custody
expected-negative rejected: r20-direction-storage
expected-negative rejected: r20-chunk-offset
expected-negative rejected: r20-ticket-frontier
expected-negative rejected: r20-poll-publication
expected-negative rejected: r20-early-continuation
expected-negative rejected: r20-cancellation
expected-negative rejected: r20-dependency
expected-negative rejected: r20-partial-progress
expected-negative rejected: r20-quiescent-release
expected-negative rejected: r20-quiescent-poll
expected-negative rejected: r20-custody
expected-negative rejected: r20-retirement
expected-negative rejected: r20-pool-aba
expected-negative rejected: r20-currentness
expected-negative rejected: r20-packet-count
expected-negative rejected: r21-promotion-retry
expected-negative rejected: r21-promotion-teardown
expected-negative rejected: r21-demotion-retry
expected-negative rejected: r21-demoted-recovery
expected-negative rejected: r21-submit-initial
expected-negative rejected: r21-submit-partial
expected-negative rejected: r21-dependency-pending
expected-negative rejected: r21-poll-retry
expected-negative rejected: r21-timeout
expected-negative rejected: r21-completion-metadata
expected-negative rejected: r21-retirement
expected-negative rejected: r21-recycle
expected-negative rejected: r21-continuation
expected-negative rejected: r21-hidden-cleanup
expected-negative rejected: r21-teardown-release
expected-negative rejected: r22-window-bound
expected-negative rejected: r22-packet-coverage
expected-negative rejected: r22-packet-contiguity
expected-negative rejected: r22-slot-uniqueness
expected-negative rejected: r22-slot-generation
expected-negative rejected: r22-ticket-child
expected-negative rejected: r22-preparation-visibility
expected-negative rejected: r22-write-pointer-count
expected-negative rejected: r22-doorbell-count
expected-negative rejected: r22-prepublication-restore
expected-negative rejected: r22-initial-partial-classification
expected-negative rejected: r22-d2h-host-mutation
expected-negative rejected: r22-partial-completion
expected-negative rejected: r22-timeout-custody
expected-negative rejected: r22-completion-metadata
expected-negative rejected: r22-frontier-roster
expected-negative rejected: r22-early-continuation
expected-negative rejected: r22-opaque-custody
expected-negative rejected: r22-window-count
expected-negative rejected: r23-allocation-alias
expected-negative rejected: r23-backing-alias
expected-negative rejected: r23-device-binding
expected-negative rejected: r23-vm-binding
expected-negative rejected: r23-mapped-overlap
expected-negative rejected: r23-range-bounds
expected-negative rejected: r23-lease-role
expected-negative rejected: r23-lease-range
expected-negative rejected: r23-window-bound
expected-negative rejected: r23-packet-coverage
expected-negative rejected: r23-packet-pairing
expected-negative rejected: r23-slot-uniqueness
expected-negative rejected: r23-slot-generation
expected-negative rejected: r23-ticket-queue
expected-negative rejected: r23-preparation-visibility
expected-negative rejected: r23-write-pointer-count
expected-negative rejected: r23-doorbell-count
expected-negative rejected: r23-prepublication-restore
expected-negative rejected: r23-pending-observation
expected-negative rejected: r23-timeout-custody
expected-negative rejected: r23-partial-retirement
expected-negative rejected: r23-unauthenticated-dirty
expected-negative rejected: r23-completion-aggregate
expected-negative rejected: r23-frontier-pair
expected-negative rejected: r23-quarantine-custody
expected-negative rejected: r23-quarantine-release
expected-negative rejected: r23-quarantine-entry-validity
expected-negative rejected: r23-early-continuation
expected-negative rejected: r24-atomic-registration
expected-negative rejected: r24-poll-budget
expected-negative rejected: r24-flush-budget
expected-negative rejected: r24-cyclic-visitation
expected-negative rejected: r24-visit-substitution
expected-negative rejected: r24-poll-before-continuation
expected-negative rejected: r24-retryable-poll
expected-negative rejected: r24-retryable-poll-progress
expected-negative rejected: r24-retryable-flush
expected-negative rejected: r24-duplicate-event
expected-negative rejected: r24-duplicate-stream
expected-negative rejected: r24-retired-capacity
expected-negative rejected: r24-terminal-absorption
expected-negative rejected: r24-terminal-progress-registration
expected-negative rejected: r24-abandon-progress
expected-negative rejected: r24-abandon-custody
expected-negative rejected: r24-stop-progress
expected-negative rejected: r24-stop-registration
expected-negative rejected: r24-sixty-three-plus-two
expected-negative rejected: r25-storage-identity
expected-negative rejected: r25-authorization
expected-negative rejected: r25-read-initialization
expected-negative rejected: r25-full-extent
expected-negative rejected: r25-fast-path-fallback
expected-negative rejected: r25-retryable-publish
expected-negative rejected: r25-ambiguous-publish
expected-negative rejected: r25-pending-retention
expected-negative rejected: r25-completion-before-restore
expected-negative rejected: r25-completion-authentication
expected-negative rejected: r25-post-retention-quarantine
expected-negative rejected: r25-retryable-restore
expected-negative rejected: r25-exact-frontier
expected-negative rejected: r25-generation-aba
expected-negative rejected: r25-zero-materialization
expected-negative rejected: r25-quarantine-absorption
expected-negative rejected: r25-retirement-storage
expected-negative rejected: r25-frontier-advance
expected-negative rejected: r27-replay-predecessor
expected-negative rejected: r27-replay-phase
expected-negative rejected: r27-authority-duplication
expected-negative rejected: r27-generation-reuse
expected-negative rejected: r27-identity-publication
expected-negative rejected: r27-eviction-generation
expected-negative rejected: r28-replay-without-pulse
expected-negative rejected: r28-close-without-full-audit
expected-negative rejected: r30-destination-without-invalidation
expected-negative rejected: r30-write-without-precheck-clear
expected-negative rejected: r30-promotion-early-mismatch
expected-negative rejected: r31-completion-offset-substitution
expected-negative rejected: r31-d2h-without-invalidation
expected-negative rejected: r31-promotion-early-retirement
expected-negative rejected: r32-prepare-close-elision
expected-negative rejected: r32-shared-failure-retry
expected-negative rejected: r32-intervening-native
expected-negative rejected: r33-middle-elision-without-premise
expected-negative rejected: r33-timeout-release
expected-negative rejected: r33-early-retirement
expected-negative rejected: r33-completion-restoration-release
expected-negative rejected: r34-omitted-retake
expected-negative rejected: r34-retry-after-detach
expected-negative rejected: r34-intervening-fallible-work
expected-negative rejected: r34-ticket-substitution
expected-negative rejected: r35-omitted-retake
expected-negative rejected: r35-retry-after-detach
expected-negative rejected: r35-custody-substitution
expected-negative rejected: r35-failed-quarantine-authority-loss
expected-negative rejected: r36-recycle-on-pending
expected-negative rejected: r36-midpoint-before-ready
expected-negative rejected: r36-wrong-failure-custody
expected-negative rejected: r36-retirement-recycle-order
expected-negative rejected: r37-non-timeout-as-timeout
expected-negative rejected: r37-zero-skips-observation
expected-negative rejected: r37-timeout-omits-restore
expected-negative rejected: r37-identity-custody-substitution
expected-negative rejected: r37-eager-continuation
expected-negative rejected: r37-continuation-source-custody-loss
expected-negative rejected: r37-continuation-stream-current-loss
expected-negative rejected: r38-zero-observation
expected-negative rejected: r38-timeout-lane-index-loss
expected-negative rejected: r38-wrong-stage-custody
expected-negative rejected: r38-missing-queue-authority-loss
expected-negative rejected: r38-eager-recycle-after-pending
expected-negative rejected: r38-observation-overflow
expected-negative rejected: r39-floor-substitution
expected-negative rejected: r39-omitted-selected-route
expected-negative rejected: r39-activated-exclusion
expected-negative rejected: r39-unchecked-overflow
expected-negative rejected: r39-missing-clamp
expected-negative rejected: r39-inclusive-boundary
expected-negative rejected: r39-attempt-count
expected-negative rejected: r39-deadline-before-observation
expected-negative rejected: r39-timeout-custody-loss
expected-negative rejected: r39-ready-custody-substitution
expected-negative rejected: r40-combined-sixteen
expected-negative rejected: r40-currentness-open
expected-negative rejected: r40-directional-capacity
expected-negative rejected: r40-dropped-prepared-roster
expected-negative rejected: r40-duplicate-queue-id
expected-negative rejected: r40-early-pending
expected-negative rejected: r40-error-as-pending
expected-negative rejected: r40-late-output-allocation
expected-negative rejected: r40-output-order
expected-negative rejected: r40-partial-retirement
expected-negative rejected: r40-request-index-roster
expected-negative rejected: r40-retake-output-escape
expected-negative rejected: r40-ticket-substitution
expected-negative rejected: r40-timeout-scan-custody
expected-negative rejected: r40-unbalanced-placement
expected-negative rejected: r41-combined-sixteen
expected-negative rejected: r41-shard-sixty-four
expected-negative rejected: r41-device-owner-alias
expected-negative rejected: r41-device-storage-alias
expected-negative rejected: r41-device-kind-substitution
expected-negative rejected: r41-host-storage-alias
expected-negative rejected: r41-host-binding-substitution
expected-negative rejected: r41-linear-copy-bound
expected-negative rejected: r41-pair-currentness
expected-negative rejected: r41-prepare-recovery-order
expected-negative rejected: r41-partition-indeterminate
expected-negative rejected: r41-partition-untouched
expected-negative rejected: r41-partial-cursor-commit
expected-negative rejected: r41-currentness-close
expected-negative rejected: r41-ticket-occurrence
expected-negative rejected: r41-pending-prefix
expected-negative rejected: r41-timeout-custody
expected-negative rejected: r41-preflight-partial-restore
expected-negative rejected: r41-restoration-escape
expected-negative rejected: r41-quarantine-release
expected-negative rejected: r41-completion-cursor-rollback
expected-negative rejected: r42-rebind
expected-negative rejected: r42-completion-event-pin
expected-negative rejected: r42-completion-reader-pin
expected-negative rejected: r42-event-release-reader
expected-negative rejected: r42-reader-release-event
expected-negative rejected: r42-event-pin-recycle
expected-negative rejected: r42-reader-pin-recycle
expected-negative rejected: r42-stale-mutation
expected-negative rejected: r42-duplicate-mutation
expected-negative rejected: r42-cross-session-mutation
expected-negative rejected: r42-self-dependency-mutation
expected-negative rejected: r42-cycle-mutation
expected-negative rejected: r42-event-capacity-mutation
expected-negative rejected: r42-reader-capacity-mutation
expected-negative rejected: r42-missing-premise
expected-negative rejected: r44-unvalidated-mint
expected-negative rejected: r44-foundation-substitution
expected-negative rejected: r44-issuer-omission
expected-negative rejected: r44-duplicate-loan
expected-negative rejected: r44-generation-overflow
expected-negative rejected: r44-cross-session-reclaim
expected-negative rejected: r44-stale-reclaim
expected-negative rejected: r44-reclaim-out-of-phase
expected-negative rejected: r44-noninductive-mutation
expected-negative rejected: r44-stale-mutation
expected-negative rejected: r44-certificate-substitution
expected-negative rejected: r44-restore-without-certificate
expected-negative rejected: r44-restore-scan
expected-negative rejected: r44-restore-consumption
expected-negative rejected: r44-cycle-rescan
expected-negative rejected: r44-invalid-mutation-authority
expected-negative rejected: r44-certificate-revision
expected-negative rejected: r45-target-component-split
expected-negative rejected: r45-owner-route-omission
expected-negative rejected: r45-owner-route-duplicate
expected-negative rejected: r45-owner-route-substitution
expected-negative rejected: r45-partial-rollback
expected-negative rejected: r45-epoch-rewind
expected-negative rejected: r45-duplicate-owner-premise
expected-negative rejected: r45-retry-after-claim
expected-negative rejected: r45-host-prepoll
expected-negative rejected: r45-source-cycle
expected-negative rejected: r45-source-session
expected-negative rejected: r45-source-queue
expected-negative rejected: r45-custody-loss
expected-negative rejected: r45-target-currentness
expected-negative rejected: r45-duplicate-source
expected-negative rejected: r45-barrier-packing
expected-negative rejected: r45-ring-retry-effect
expected-negative rejected: r45-body-header-order
expected-negative rejected: r45-final-dispatch-target
expected-negative rejected: r45-malformed-fault-index
expected-negative rejected: r45-equal-epoch-self
expected-negative rejected: r45-source-signal-substitution
expected-negative rejected: r45-target-signal-substitution
expected-negative rejected: r45-unissued-epoch
expected-negative rejected: r45-duplicate-event
expected-negative rejected: r45-duplicate-lease
expected-negative rejected: r45-duplicate-arena-entry
expected-negative rejected: r45-reader-event-substitution
expected-negative rejected: r45-target-replay
expected-negative rejected: r46-tail-substitution
expected-negative rejected: r46-duplicate-shard
expected-negative rejected: r46-missing-shard
expected-negative rejected: r46-queue-substitution
expected-negative rejected: r46-slot-substitution
expected-negative rejected: r46-generation-substitution
expected-negative rejected: r46-signal-fence-binding
expected-negative rejected: r46-final-audit-omission
expected-negative rejected: r46-timeout-before-audit
expected-negative rejected: r46-pending-prefix
expected-negative rejected: r46-error-prefix
expected-negative rejected: r46-currentness-omission
expected-negative rejected: r46-custody-loss
expected-negative rejected: r46-false-complexity
expected-negative rejected: r46-forged-audit-witness
expected-negative rejected: r48-audit-error-prefix
expected-negative rejected: r48-closing-currentness
expected-negative rejected: r48-completed-round-work
expected-negative rejected: r48-cursor-not-normalized
expected-negative rejected: r48-cursor-not-rotated
expected-negative rejected: r48-duplicate-packet-occurrence
expected-negative rejected: r48-duplicate-ring-slot
expected-negative rejected: r48-duplicate-signal
expected-negative rejected: r48-engine-from-normalized-slot
expected-negative rejected: r48-final-audit-omission
expected-negative rejected: r48-final-ready-tail-union
expected-negative rejected: r48-forged-timeout-retry
expected-negative rejected: r48-invalid-panic-stage
expected-negative rejected: r48-mixed-ready-queue
expected-negative rejected: r48-packet-before-release
expected-negative rejected: r48-packet-body-omission
expected-negative rejected: r48-packet-fence-header
expected-negative rejected: r48-packet-release-order
expected-negative rejected: r48-packet-signal-substitution
expected-negative rejected: r48-panic-audit-tail-round
expected-negative rejected: r48-panic-partial-retirement
expected-negative rejected: r48-panic-roster-loss
expected-negative rejected: r48-profile-combined-16
expected-negative rejected: r48-profile-odd-count
expected-negative rejected: r48-retake-failure-reusable
expected-negative rejected: r48-tail-error-prefix
expected-negative rejected: r48-tail-last-request
expected-negative rejected: r48-timeout-custody-loss
expected-negative rejected: r48-timeout-partial-retirement
expected-negative rejected: r48-timeout-retry-cumulative
expected-negative rejected: r48-timeout-retry-epoch
expected-negative rejected: r48-timeout-retry-repeat
expected-negative rejected: r48-unburned-submission-epoch
expected-negative rejected: r48-wait-epoch-currentness
expected-negative rejected: r48-zero-submission-epoch
expected-negative rejected: r51-active-bound
expected-negative rejected: r51-completion-substitution
expected-negative rejected: r51-custody-substitution
expected-negative rejected: r51-early-pin-release
expected-negative rejected: r51-multiple-arenas
expected-negative rejected: r51-partial-pin-release
expected-negative rejected: r51-phase-skip
expected-negative rejected: r51-preflight-burn
expected-negative rejected: r51-repeat-release
expected-negative rejected: r51-rollback-effect
expected-negative rejected: r51-signal-pinned
expected-negative rejected: r51-teardown-pinned
expected-negative rejected: r51-terminal-reopen
expected-negative rejected: r51-zero-epoch
expected-negative rejected: r56-duplicate-request
expected-negative rejected: r56-closing-prefix
expected-negative rejected: r56-engine-substitution
expected-negative rejected: r56-exact-release
expected-negative rejected: r56-false-striped2
expected-negative rejected: r56-first-indeterminate-custody
expected-negative rejected: r56-fixed-publication-order
expected-negative rejected: r56-generation-substitution
expected-negative rejected: r56-lane-substitution
expected-negative rejected: r56-missing-request
expected-negative rejected: r56-native-64
expected-negative rejected: r56-native-substitution
expected-negative rejected: r56-packet-substitution
expected-negative rejected: r56-partial-publish
expected-negative rejected: r56-partial-coordinates
expected-negative rejected: r56-publication-counts
expected-negative rejected: r56-queue-substitution
expected-negative rejected: r56-recoverable-effect
expected-negative rejected: r56-release-roster-identity
expected-negative rejected: r56-request-1
expected-negative rejected: r56-request-127
expected-negative rejected: r56-slot-substitution
expected-negative rejected: r56-tail-substitution
expected-negative rejected: r56-timeout-custody
expected-negative rejected: r56-unstable-fifo
expected-negative rejected: r57-binder-substitution
expected-negative rejected: r57-cardinality-two
expected-negative rejected: r57-closing-currentness-restore
expected-negative rejected: r57-completion-generation
expected-negative rejected: r57-completion-queue
expected-negative rejected: r57-cross-device
expected-negative rejected: r57-dispatch-ambiguity-restore
expected-negative rejected: r57-frontier-one
expected-negative rejected: r57-full-write-certificate
expected-negative rejected: r57-input-content-mutation
expected-negative rejected: r57-output-generation-skip
expected-negative rejected: r57-output-init-requirement
expected-negative rejected: r57-packet-reorder
expected-negative rejected: r57-partial-extent
expected-negative rejected: r57-partial-publish
expected-negative rejected: r57-partial-restore
expected-negative rejected: r57-prepublication-effect
expected-negative rejected: r57-quarantine-release
expected-negative rejected: r57-storage-alias
expected-negative rejected: r57-unequal-extent
expected-negative rejected: r57-uninitialized-input
expected-negative rejected: r57-wait-ambiguity-restore
expected-negative rejected: r57-wait-omission
expected-negative rejected: r60-admit-n1
expected-negative rejected: r60-admit-n3
expected-negative rejected: r60-capacity-65
expected-negative rejected: r60-chain-recipe-mismatch
expected-negative rejected: r60-completed-visible
expected-negative rejected: r60-double-commit
expected-negative rejected: r60-early-retain-release
expected-negative rejected: r60-early-chain-blocked
expected-negative rejected: r60-explicit-failure-bypass
expected-negative rejected: r60-generation-aba
expected-negative rejected: r60-foreign-wait-accepted
expected-negative rejected: r60-foreign-completion-no-quarantine
expected-negative rejected: r60-live-completion-authority
expected-negative rejected: r60-missing-wait-accepted
expected-negative rejected: r60-non-tail-cancel
expected-negative rejected: r60-ordered-failure-gate
expected-negative rejected: r60-out-of-order-commit
expected-negative rejected: r60-partial-quarantine
expected-negative rejected: r60-published-cancel
expected-negative rejected: r60-recipe-substitution
expected-negative rejected: r60-retire-profile-visible
expected-negative rejected: r60-retire-releases-custody
expected-negative rejected: r60-retry-effect
expected-negative rejected: r60-skip-prepared
expected-negative rejected: r60-storage-omission
expected-negative rejected: r60-substituted-restore
expected-negative rejected: r61-release-without-native-shutdown
expected-negative rejected: r61-incomplete-cleanup-release
expected-negative rejected: r61-native-failure-release
expected-negative rejected: r61-panic-release
expected-negative rejected: r61-duplicate-reply
expected-negative rejected: r61-future-drop-releases-custody
expected-negative rejected: r61-stop-promotes-completion
expected-negative rejected: r61-queue-credit-duplication
expected-negative rejected: r62-cancel-after-start
expected-negative rejected: r62-restart-cancelled
expected-negative rejected: r62-repeat-start
expected-negative rejected: r62-reopen-queued
expected-negative rejected: r62-stop-loses-custody
expected-negative rejected: r62-terminal-reopen
expected-negative rejected: r62-finish-before-start
expected-negative rejected: r62-timeout-drops-custody
expected-negative rejected: r63-acquire-existing-submission
expected-negative rejected: r63-acquire-reserved
expected-negative rejected: r63-issue-stale-token
expected-negative rejected: r63-issue-after-close
expected-negative rejected: r63-release-live-token
expected-negative rejected: r63-release-before-close
expected-negative rejected: r63-terminal-release
expected-negative rejected: r63-release-foreign-token
expected-negative rejected: r64-reserve-exact
expected-negative rejected: r64-capacity
expected-negative rejected: r64-overflow
expected-negative rejected: r64-release-exact
expected-negative rejected: r64-underflow
expected-negative rejected: r64-roundtrip
expected-negative rejected: r64-boundedness
expected-negative rejected: r64-zero-charge
expected-negative rejected: r65-input-exact
expected-negative rejected: r65-input-available
expected-negative rejected: r65-begin-planned
expected-negative rejected: r65-begin-exclusive
expected-negative rejected: r65-begin-predecessor
expected-negative rejected: r65-commit-in-flight
expected-negative rejected: r65-commit-exact-owner
expected-negative rejected: r65-commit-invalidated
expected-negative rejected: r66-endpoint-omission
expected-negative rejected: r66-generation-alias
expected-negative rejected: r66-foreign-vm
expected-negative rejected: r66-duplicate-compute
expected-negative rejected: r66-window-extent
expected-negative rejected: r66-window-generation
expected-negative rejected: r66-window-completion
expected-negative rejected: r66-roster-bound
expected-negative rejected: r67-partial-vector
expected-negative rejected: r67-overflow
expected-negative rejected: r67-duplicate-refund
expected-negative rejected: r67-premature-refund
expected-negative rejected: r67-stale-owner
expected-negative rejected: r67-quarantine-refund
expected-negative rejected: r67-quarantine-reuse
expected-negative rejected: r67-partial-release
expected-negative rejected: r68-zero-accepted
expected-negative rejected: r68-oversized-accepted
expected-negative rejected: r68-logical-bytes-substitution
expected-negative rejected: r68-allocation-record-omitted
expected-negative rejected: r68-host-double-charge
expected-negative rejected: r69-zero-length
expected-negative rejected: r69-short-destination
expected-negative rejected: r69-long-destination
expected-negative rejected: r69-overflow
expected-negative rejected: r69-outside-allocation
expected-negative rejected: r70-empty-roster
expected-negative rejected: r70-oversized-roster
expected-negative rejected: r70-final-member-omitted
expected-negative rejected: r70-final-dimension-omitted
expected-negative rejected: r70-aggregate-overflow
expected-negative rejected: r70-record-shortage
expected-negative rejected: r70-generation-wrap
expected-negative rejected: r70-duplicate-owner
expected-negative rejected: r70-sibling-refund
expected-negative rejected: r71-logical-bytes-undercharge
expected-negative rejected: r71-final-record-omitted
expected-negative rejected: r71-changed-generation-alias
expected-negative rejected: r71-foreign-domain
expected-negative rejected: r71-zero-pool-generation
expected-negative rejected: r71-byte-limit-omitted
expected-negative rejected: r71-record-limit-omitted
expected-negative rejected: r71-zero-byte-limit-as-unlimited
expected-negative rejected: r71-roster-bound-omitted
expected-negative rejected: r71-unbounded-wrapping-sum
PASS: runtime expected-negative quality and inventory checked 669 files
PASS: pinned Verus release closure matched at this measurement (190 files, 129019839 bytes)
FE2O3_RUNTIME_MODEL_VERUS_OK lifecycle_obligations=2 identity_obligations=4 projection_obligations=4 memory_obligations=6 queue_obligations=11 load_plan_obligations=3 materialization_obligations=8 aql_obligations=11 r7_async_resource_obligations=8 r8_execution_contract_obligations=10 r9_native_evidence_obligations=14 r10_closed_execution_obligations=20 r11_runtime_semantics_obligations=18 r12_native_concurrency_obligations=23 r13_logical_scheduler_obligations=20 r14_async_observer_obligations=10 r16_worker_semantic_boundary_obligations=21 r17_persistent_native_allocation_obligations=32 r18_persistent_local_sdma_adapter_obligations=34 r19_directional_persistent_local_sdma_adapter_obligations=46 r20_runtime_facade_directional_chunking_obligations=31 r21_runtime_scripted_failure_seam_obligations=37 r22_batched_directional_persistent_sdma_windows_obligations=41 r23_same_device_d2d_persistent_sdma_windows_obligations=46 r24_portable_progress_obligations=34 r25_persistent_compute_storage_bridge_obligations=38 r27_persistent_dispatch_control_obligations=20 r28_persistent_hot_currentness_scope_obligations=31 r30_bound_host_content_certificate_obligations=38 r31_single_packet_window_refinement_obligations=41 r32_directional_sdma_currentness_handoff_obligations=34 r33_fused_synchronous_directional_sdma_obligations=45 r34_fused_asynchronous_directional_sdma_obligations=54 r35_fused_retained_control_replay_projected_obligations=13 r36_fused_completion_poll_recycle_projected_obligations=15 r37_typed_native_sdma_wait_activation_obligations=15 r38_bounded_persistent_compute_wait_recycle_obligations=19 r39_scoped_persistent_sdma_wait_policy_obligations=20 r40_gfx942_striped_sdma_aggregate_obligations=25 r41_persistent_striped_sdma_aggregate_obligations=43 r42_compute_event_signal_custody_obligations=21 r44_live_foundation_invariant_certificate_obligations=27 r45_compute_dependency_publisher_obligations=39 r46_gfx942_striped_sdma_tail_wait_obligations=32 r48_retryable_striped_sdma_tail_wait_obligations=43 r51_native_compute_dependency_lifecycle_obligations=31 r56_two_native_sdma_mux_obligations=41 r57_three_binding_compute_obligations=35 r57_three_binding_compute_mutations=23 r60_ordinary_fixed_dispatch_pipeline_obligations=46 r60_ordinary_fixed_dispatch_pipeline_mutations=26 r61_owner_async_custody_obligations=8 r61_owner_async_custody_mutations=8 r62_operation_control_obligations=8 r62_operation_control_mutations=8 r63_graph_reservation_obligations=8 r63_graph_reservation_mutations=8 r64_payload_budget_obligations=8 r64_payload_budget_mutations=8 r65_graph_versions_obligations=8 r65_graph_versions_mutations=8 r66_compute_sdma_coexistence_obligations=16 r66_compute_sdma_coexistence_mutations=8 r67_resource_credits_obligations=14 r67_resource_credits_mutations=8 r68_device_backing_credits_obligations=4 r68_device_backing_credits_mutations=5 r69_host_capture_obligations=4 r69_host_capture_mutations=5 r70_resource_batch_obligations=9 r70_resource_batch_mutations=9 r71_device_pool_obligations=15 r71_device_pool_mutations=10 expected_negative_files=669
