    Finished `test` profile [unoptimized + debuginfo] target(s) in 0.26s
     Running unittests src/lib.rs (target/debug/deps/fe2o3_kfd-5074a99fa693d94b)

running 10 tests
test queue::live::rebind_tests::ordinary_rebind_public_direct_wrapper_transports_terminal_parent ... ok
test queue::live::rebind_tests::ordinary_rebind_production_routing_roots_before_loan_and_commits_after_validation ... ok
test queue::live::rebind_tests::ordinary_rebind_healthy_preflight_retains_parent_without_new_poison ... ok
test queue::live::rebind_tests::ordinary_rebind_caught_internal_preflight_panic_still_transports ... ok
test queue::live::rebind_tests::ordinary_rebind_terminal_facade_restores_exact_parent_before_transport ... ok
test queue::live::rebind_tests::preparation::ordinary_rebind_opening_and_validation_faults_keep_original_owners ... ok
test queue::live::rebind_tests::preparation::ordinary_rebind_generation_and_suppressed_failure_never_install_invalid_owner ... ok
test queue::live::rebind_tests::preparation::ordinary_rebind_preflight_retains_exact_inputs_and_preserves_rejection_class ... ok
test queue::live::rebind_tests::preparation::ordinary_rebind_real_loan_operation_retake_matrix_preserves_custody ... ok
test queue::live::rebind_tests::preparation::ordinary_rebind_all_preparation_stages_retain_original_prefixes ... ok

test result: ok. 10 passed; 0 failed; 0 ignored; 0 measured; 977 filtered out; finished in 0.31s

     Running tests/kfd_debug_trap_live.rs (target/debug/deps/kfd_debug_trap_live-c956229acce87b28)

running 0 tests

test result: ok. 0 passed; 0 failed; 0 ignored; 0 measured; 2 filtered out; finished in 0.00s

     Running tests/target_debug_telemetry_env_v1.rs (target/debug/deps/target_debug_telemetry_env_v1-c95ced83d60c06f1)

running 0 tests

test result: ok. 0 passed; 0 failed; 0 ignored; 0 measured; 9 filtered out; finished in 0.00s

     Running tests/target_debug_telemetry_v1.rs (target/debug/deps/target_debug_telemetry_v1-8ba9acf5297bd709)

running 0 tests

test result: ok. 0 passed; 0 failed; 0 ignored; 0 measured; 11 filtered out; finished in 0.00s

