TAP version 13
# R119_VALIDATION_INPUTS_START f4155cd4e807a1fb95c259dc909b27ada2657d9904f0a895047cfd16a0dea7cb
# Subtest: captures inputs before validation and writes only after closing checks
ok 1 - captures inputs before validation and writes only after closing checks
  ---
  duration_ms: 57.043384
  type: 'test'
  ...
# Subtest: rejects opening HEAD without writes
ok 2 - rejects opening HEAD without writes
  ---
  duration_ms: 2.396079
  type: 'test'
  ...
# Subtest: rejects closing HEAD without writes
ok 3 - rejects closing HEAD without writes
  ---
  duration_ms: 26.751712
  type: 'test'
  ...
# Subtest: rejects opening source hash without writes
ok 4 - rejects opening source hash without writes
  ---
  duration_ms: 9.928119
  type: 'test'
  ...
# Subtest: rejects closing source map without writes
ok 5 - rejects closing source map without writes
  ---
  duration_ms: 62.377276
  type: 'test'
  ...
# Subtest: rejects missing helper without writes
ok 6 - rejects missing helper without writes
  ---
  duration_ms: 15.288136
  type: 'test'
  ...
# Subtest: rejects duplicate artifact names without writes
ok 7 - rejects duplicate artifact names without writes
  ---
  duration_ms: 14.517195
  type: 'test'
  ...
# Subtest: rejects changed artifact membership without writes
ok 8 - rejects changed artifact membership without writes
  ---
  duration_ms: 24.296755
  type: 'test'
  ...
# Subtest: rejects changed captured input without writes
ok 9 - rejects changed captured input without writes
  ---
  duration_ms: 23.713907
  type: 'test'
  ...
# Subtest: rejects live input change during captured validation without writes
ok 10 - rejects live input change during captured validation without writes
  ---
  duration_ms: 29.019821
  type: 'test'
  ...
# Subtest: rejects toolchain binary drift without writes
ok 11 - rejects toolchain binary drift without writes
  ---
  duration_ms: 17.290821
  type: 'test'
  ...
# Subtest: rejects ambient stack override without writes
ok 12 - rejects ambient stack override without writes
  ---
  duration_ms: 15.902073
  type: 'test'
  ...
# Subtest: rejects occupied opening output without writes
ok 13 - rejects occupied opening output without writes
  ---
  duration_ms: 0.610534
  type: 'test'
  ...
# Subtest: rejects output created before final write check without writes
ok 14 - rejects output created before final write check without writes
  ---
  duration_ms: 22.679756
  type: 'test'
  ...
# Subtest: rejects history rejection without writes
ok 15 - rejects history rejection without writes
  ---
  duration_ms: 18.332294
  type: 'test'
  ...
# Subtest: rejects support rejection without writes
ok 16 - rejects support rejection without writes
  ---
  duration_ms: 13.178924
  type: 'test'
  ...
# Subtest: rejects toolchain observation failure without writes
ok 17 - rejects toolchain observation failure without writes
  ---
  duration_ms: 12.071648
  type: 'test'
  ...
# Subtest: accepts exact input pins and TAP roster
ok 18 - accepts exact input pins and TAP roster
  ---
  duration_ms: 2.406288
  type: 'test'
  ...
# Subtest: rejects changed helper bytes under old pins
ok 19 - rejects changed helper bytes under old pins
  ---
  duration_ms: 1.579413
  type: 'test'
  ...
# Subtest: rejects an old transcript after helper repinning
ok 20 - rejects an old transcript after helper repinning
  ---
  duration_ms: 1.743157
  type: 'test'
  ...
# Subtest: rejects same-count substituted TAP cases
ok 21 - rejects same-count substituted TAP cases
  ---
  duration_ms: 0.934295
  type: 'test'
  ...
# Subtest: rejects repeated successful TAP summaries
ok 22 - rejects repeated successful TAP summaries
  ---
  duration_ms: 0.523923
  type: 'test'
  ...
# Subtest: rejects contradictory TAP summaries
ok 23 - rejects contradictory TAP summaries
  ---
  duration_ms: 0.430179
  type: 'test'
  ...
# Subtest: rejects duplicate TAP case numbers
ok 24 - rejects duplicate TAP case numbers
  ---
  duration_ms: 0.657641
  type: 'test'
  ...
# Subtest: rejects missing input pin markers
ok 25 - rejects missing input pin markers
  ---
  duration_ms: 0.258239
  type: 'test'
  ...
# Subtest: rejects reversed input pin markers
ok 26 - rejects reversed input pin markers
  ---
  duration_ms: 0.243412
  type: 'test'
  ...
# R119_VALIDATION_INPUTS_END f4155cd4e807a1fb95c259dc909b27ada2657d9904f0a895047cfd16a0dea7cb
1..26
# tests 26
# suites 0
# pass 26
# fail 0
# cancelled 0
# skipped 0
# todo 0
# duration_ms 560.624239
