R119_VALIDATION_INPUTS_START f4155cd4e807a1fb95c259dc909b27ada2657d9904f0a895047cfd16a0dea7cb
PASS real-clean
PASS real-success
PASS real-failure
PASS real-inner-timeout
PASS real-spawn
PASS cleanup-eperm-retains-success
PASS outer-timeout-retains-signal
PASS cleanup-esrch-is-benign
PASS timeout-eperm-unclosed-is-bounded
R119_RUNNER_FIXTURE r119-integrated-runner-v1-fixture-clean.json 8054d3ad251f352f1aeadde2092459fe9f8472b18284da99dc2e7fab2a59be4a
R119_RUNNER_FIXTURE r119-integrated-runner-v1-fixture-clean.log e3b0c44298fc1c149afbf4c8996fb92427ae41e4649b934ca495991b7852b855
R119_RUNNER_FIXTURE r119-integrated-runner-v1-fixture-clean-source.json 7ced0c7fb15d6c349be847aa9208c80d52d2e855708c7c373e10be7adbe37315
R119_RUNNER_FIXTURE r119-integrated-runner-v1-fixture-clean-source-after.json 7ced0c7fb15d6c349be847aa9208c80d52d2e855708c7c373e10be7adbe37315
R119_RUNNER_FIXTURE r119-integrated-runner-v1-fixture-success.json 8bb618bcb48cae2542b5b8ced6e44f1bda181ec6d4bf01e8acf83853b5e1155a
R119_RUNNER_FIXTURE r119-integrated-runner-v1-fixture-success.log cc09c9a495dc1962608e4012f8027966d60eb166f31120c62c9f3001f97bd0a9
R119_RUNNER_FIXTURE r119-integrated-runner-v1-fixture-success-source.json 7ced0c7fb15d6c349be847aa9208c80d52d2e855708c7c373e10be7adbe37315
R119_RUNNER_FIXTURE r119-integrated-runner-v1-fixture-success-source-after.json 7ced0c7fb15d6c349be847aa9208c80d52d2e855708c7c373e10be7adbe37315
R119_RUNNER_FIXTURE r119-integrated-runner-v1-fixture-failure.json 46b497fb9edef36c80eecf4000d7fdcb1299e887b661bc5d47b6ad4687480139
R119_RUNNER_FIXTURE r119-integrated-runner-v1-fixture-failure.log 4fd3a50c32fab9d67dbd1167e88156a4982274be3ab32edd6c3ccb748a5e1655
R119_RUNNER_FIXTURE r119-integrated-runner-v1-fixture-failure-source.json 7ced0c7fb15d6c349be847aa9208c80d52d2e855708c7c373e10be7adbe37315
R119_RUNNER_FIXTURE r119-integrated-runner-v1-fixture-failure-source-after.json 7ced0c7fb15d6c349be847aa9208c80d52d2e855708c7c373e10be7adbe37315
R119_RUNNER_FIXTURE r119-integrated-runner-v1-fixture-inner-timeout.json 2b545c477025725fe8f44210f9acf8b7a93070611f1b50aaa712b31ae6dda1e4
R119_RUNNER_FIXTURE r119-integrated-runner-v1-fixture-inner-timeout.log d8e23089041ae571b16386683c0bd5b765ab7356497217fee36d13e29faa17c8
R119_RUNNER_FIXTURE r119-integrated-runner-v1-fixture-inner-timeout-source.json 7ced0c7fb15d6c349be847aa9208c80d52d2e855708c7c373e10be7adbe37315
R119_RUNNER_FIXTURE r119-integrated-runner-v1-fixture-inner-timeout-source-after.json 7ced0c7fb15d6c349be847aa9208c80d52d2e855708c7c373e10be7adbe37315
R119_RUNNER_FIXTURE r119-integrated-runner-v1-fixture-spawn.json 0b320caa7b7c48d7313fa76304d9d9cc6adda7cdec67b8ac7759a13007c52217
R119_RUNNER_FIXTURE r119-integrated-runner-v1-fixture-spawn.log 5994005b6387dd925d42d8bc1bd4840ea4da2b55bcf89c8b8ed9eb73d12f9cdb
R119_RUNNER_FIXTURE r119-integrated-runner-v1-fixture-spawn-source.json 7ced0c7fb15d6c349be847aa9208c80d52d2e855708c7c373e10be7adbe37315
R119_RUNNER_FIXTURE r119-integrated-runner-v1-fixture-spawn-source-after.json 7ced0c7fb15d6c349be847aa9208c80d52d2e855708c7c373e10be7adbe37315
PASS: 9 runner contract tests
R119_VALIDATION_INPUTS_END f4155cd4e807a1fb95c259dc909b27ada2657d9904f0a895047cfd16a0dea7cb
