TAP version 13
# R119_CAMPAIGN_INPUTS_START 8a480cf2017c6702a4b3dfb18258acd774381e73c815818638f40a313fc5159f
# Subtest: single-file mutation is applied, checked and restored
ok 1 - single-file mutation is applied, checked and restored
  ---
  duration_ms: 169.368967
  type: 'test'
  ...
# Subtest: single-file qualification records exact application and restoration order
ok 2 - single-file qualification records exact application and restoration order
  ---
  duration_ms: 155.932506
  type: 'test'
  ...
# Subtest: complete first application write followed by I/O failure is restored without execution
ok 3 - complete first application write followed by I/O failure is restored without execution
  ---
  duration_ms: 83.969216
  type: 'test'
  ...
# Subtest: failure before the first application write leaves the original source intact
ok 4 - failure before the first application write leaves the original source intact
  ---
  duration_ms: 87.673336
  type: 'test'
  ...
# Subtest: partial first-file bytes are retained for explicit recovery
ok 5 - partial first-file bytes are retained for explicit recovery
  ---
  duration_ms: 106.467735
  type: 'test'
  ...
# Subtest: failure before the spawn callback permits non-spawned source recovery
ok 6 - failure before the spawn callback permits non-spawned source recovery
  ---
  duration_ms: 109.541834
  type: 'test'
  ...
# Subtest: missing terminal record after spawn withholds restoration
ok 7 - missing terminal record after spawn withholds restoration
  ---
  duration_ms: 100.896876
  type: 'test'
  ...
# Subtest: malformed terminal record after spawn withholds restoration
ok 8 - malformed terminal record after spawn withholds restoration
  ---
  duration_ms: 97.463067
  type: 'test'
  ...
# Subtest: closed raw record allows physical recovery after wrapper rejection
ok 9 - closed raw record allows physical recovery after wrapper rejection
  ---
  duration_ms: 146.661769
  type: 'test'
  ...
# Subtest: wrong behavioral oracle does not qualify a physically restored mutation
ok 10 - wrong behavioral oracle does not qualify a physically restored mutation
  ---
  duration_ms: 131.291243
  type: 'test'
  ...
# Subtest: unclosed child withholds restoration
ok 11 - unclosed child withholds restoration
  ---
  duration_ms: 136.773324
  type: 'test'
  ...
# Subtest: fresh live process observation withholds restoration
ok 12 - fresh live process observation withholds restoration
  ---
  duration_ms: 161.278477
  type: 'test'
  ...
# Subtest: foreign terminal command cannot authorize restoration
ok 13 - foreign terminal command cannot authorize restoration
  ---
  duration_ms: 96.171753
  type: 'test'
  ...
# Subtest: foreign terminal source identity cannot authorize restoration
ok 14 - foreign terminal source identity cannot authorize restoration
  ---
  duration_ms: 100.41724
  type: 'test'
  ...
# Subtest: foreign terminal predecessor cannot authorize restoration
ok 15 - foreign terminal predecessor cannot authorize restoration
  ---
  duration_ms: 110.63886
  type: 'test'
  ...
# Subtest: changed live runner bytes cannot authenticate a pinned terminal
ok 16 - changed live runner bytes cannot authenticate a pinned terminal
  ---
  duration_ms: 100.452917
  type: 'test'
  ...
# Subtest: matching substituted runner bytes and record still fail the manifest pin
ok 17 - matching substituted runner bytes and record still fail the manifest pin
  ---
  duration_ms: 112.404502
  type: 'test'
  ...
# Subtest: clock sample failure 1 still restores owned sources
ok 18 - clock sample failure 1 still restores owned sources
  ---
  duration_ms: 127.585067
  type: 'test'
  ...
# Subtest: clock sample failure 2 still restores owned sources
ok 19 - clock sample failure 2 still restores owned sources
  ---
  duration_ms: 143.542552
  type: 'test'
  ...
# Subtest: post-write restoration error prevents acceptance despite complete physical recovery
ok 20 - post-write restoration error prevents acceptance despite complete physical recovery
  ---
  duration_ms: 188.799175
  type: 'test'
  ...
# Subtest: failure-artifact write failure retains full recovery diagnostics in the surfaced error
ok 21 - failure-artifact write failure retains full recovery diagnostics in the surfaced error
  ---
  duration_ms: 166.33981
  type: 'test'
  ...
# Subtest: external source changes during child execution are not overwritten
ok 22 - external source changes during child execution are not overwritten
  ---
  duration_ms: 192.924183
  type: 'test'
  ...
# R119_CAMPAIGN_INPUTS_END 8a480cf2017c6702a4b3dfb18258acd774381e73c815818638f40a313fc5159f
1..22
# tests 22
# suites 0
# pass 22
# fail 0
# cancelled 0
# skipped 0
# todo 0
# duration_ms 3405.984682
