TAP version 13
# R119_VALIDATION_INPUTS_START 5998a625873e4bc4aa7e4b320c77e3eeb9f6165aaa8c31a9ecba6d611101c0bc
# Subtest: captures inputs before validation and writes only after closing checks
ok 1 - captures inputs before validation and writes only after closing checks
  ---
  duration_ms: 56.036376
  type: 'test'
  ...
# Subtest: rejects opening HEAD without writes
ok 2 - rejects opening HEAD without writes
  ---
  duration_ms: 2.807459
  type: 'test'
  ...
# Subtest: rejects closing HEAD without writes
ok 3 - rejects closing HEAD without writes
  ---
  duration_ms: 29.086583
  type: 'test'
  ...
# Subtest: rejects opening source hash without writes
ok 4 - rejects opening source hash without writes
  ---
  duration_ms: 14.721655
  type: 'test'
  ...
# Subtest: rejects closing source map without writes
ok 5 - rejects closing source map without writes
  ---
  duration_ms: 70.483174
  type: 'test'
  ...
# Subtest: rejects missing helper without writes
ok 6 - rejects missing helper without writes
  ---
  duration_ms: 14.73833
  type: 'test'
  ...
# Subtest: rejects duplicate artifact names without writes
ok 7 - rejects duplicate artifact names without writes
  ---
  duration_ms: 13.015447
  type: 'test'
  ...
# Subtest: rejects changed artifact membership without writes
ok 8 - rejects changed artifact membership without writes
  ---
  duration_ms: 25.591016
  type: 'test'
  ...
# Subtest: rejects changed captured input without writes
ok 9 - rejects changed captured input without writes
  ---
  duration_ms: 26.120886
  type: 'test'
  ...
# Subtest: rejects live input change during captured validation without writes
ok 10 - rejects live input change during captured validation without writes
  ---
  duration_ms: 28.596857
  type: 'test'
  ...
# Subtest: rejects toolchain binary drift without writes
ok 11 - rejects toolchain binary drift without writes
  ---
  duration_ms: 10.916592
  type: 'test'
  ...
# Subtest: rejects ambient stack override without writes
ok 12 - rejects ambient stack override without writes
  ---
  duration_ms: 12.188307
  type: 'test'
  ...
# Subtest: rejects occupied opening output without writes
ok 13 - rejects occupied opening output without writes
  ---
  duration_ms: 0.585705
  type: 'test'
  ...
# Subtest: rejects output created before final write check without writes
ok 14 - rejects output created before final write check without writes
  ---
  duration_ms: 20.218899
  type: 'test'
  ...
# Subtest: rejects history rejection without writes
ok 15 - rejects history rejection without writes
  ---
  duration_ms: 19.673583
  type: 'test'
  ...
# Subtest: rejects support rejection without writes
ok 16 - rejects support rejection without writes
  ---
  duration_ms: 13.379386
  type: 'test'
  ...
# Subtest: rejects toolchain observation failure without writes
ok 17 - rejects toolchain observation failure without writes
  ---
  duration_ms: 13.314667
  type: 'test'
  ...
# Subtest: accepts exact input pins and TAP roster
ok 18 - accepts exact input pins and TAP roster
  ---
  duration_ms: 2.696715
  type: 'test'
  ...
# Subtest: rejects changed helper bytes under old pins
ok 19 - rejects changed helper bytes under old pins
  ---
  duration_ms: 1.542105
  type: 'test'
  ...
# Subtest: rejects an old transcript after helper repinning
ok 20 - rejects an old transcript after helper repinning
  ---
  duration_ms: 1.657159
  type: 'test'
  ...
# Subtest: rejects same-count substituted TAP cases
ok 21 - rejects same-count substituted TAP cases
  ---
  duration_ms: 0.857497
  type: 'test'
  ...
# Subtest: rejects repeated successful TAP summaries
ok 22 - rejects repeated successful TAP summaries
  ---
  duration_ms: 0.560486
  type: 'test'
  ...
# Subtest: rejects contradictory TAP summaries
ok 23 - rejects contradictory TAP summaries
  ---
  duration_ms: 0.552129
  type: 'test'
  ...
# Subtest: rejects duplicate TAP case numbers
ok 24 - rejects duplicate TAP case numbers
  ---
  duration_ms: 0.913226
  type: 'test'
  ...
# Subtest: rejects missing input pin markers
ok 25 - rejects missing input pin markers
  ---
  duration_ms: 0.374923
  type: 'test'
  ...
# Subtest: rejects reversed input pin markers
ok 26 - rejects reversed input pin markers
  ---
  duration_ms: 0.528784
  type: 'test'
  ...
# R119_VALIDATION_INPUTS_END 5998a625873e4bc4aa7e4b320c77e3eeb9f6165aaa8c31a9ecba6d611101c0bc
1..26
# tests 26
# suites 0
# pass 26
# fail 0
# cancelled 0
# skipped 0
# todo 0
# duration_ms 622.226541
