    Finished `test` profile [unoptimized + debuginfo] target(s) in 0.22s
     Running unittests src/lib.rs (target/debug/deps/fe2o3_kfd-5074a99fa693d94b)

running 934 tests
test currentness::tests::clear_observations_do_not_poison ... ok
test currentness::tests::clock_correlation_requires_exact_gpu_zero_pad_and_frequency ... ok
test currentness::tests::first_event_is_permanently_poisoning ... ok
test currentness::tests::linux_readiness_probe_and_latch_fail_closed_on_hangup_and_stay_poisoned ... ok
test currentness::tests::linux_readiness_probe_does_not_drain_a_readable_descriptor ... ok
test currentness::tests::non_draining_poll_classifier_accepts_only_clear_or_readable ... ok
test currentness::tests::non_draining_poll_classifier_rejects_errors_and_protocol_anomalies ... ok
test currentness::tests::non_draining_poll_syscall_errors_fail_closed_without_retry ... ok
test currentness::tests::operational_observations_fail_closed_at_each_live_boundary ... ok
test currentness::tests::operational_observations_preserve_pid_reset_counter_reset_order ... ok
test currentness::tests::operational_observations_reject_counter_change_before_closing_probe ... ok
test currentness::tests::operational_observations_stop_before_fifo_after_process_change ... ok
test currentness::tests::protocol_failure_is_permanently_poisoning ... ok
test debug_trap::tests::cleanup_attempts_every_owned_restoration_after_failure ... ok
test debug_trap::tests::debug_session_manifest_is_frozen ... ok
test debug_trap::tests::hardware_operations_require_runtime_enable ... ok
test debug_trap::tests::plan_is_bounded_and_cross_process ... ok
test debug_trap::tests::proc_status_parser_is_fail_closed ... ok
test debug_trap::tests::process_runtime_info_refreshes_hardware_gate ... ok
test debug_trap::tests::queue_status_bits_are_decoded_and_only_success_is_owned ... ok
test debug_trap::tests::runtime_disable_reconciles_kfd_invalidated_hardware_ownership ... ok
test debug_trap::tests::snapshots_and_events_are_redacted_and_validated ... ok
test debug_trap::tests::typed_exception_info_rejects_payload_substitution ... ok
test device::tests::aperture_validation_rejects_overlap_and_noncanonical_end ... ok
test device::tests::inactive_retained_history_rejects_domain_change_without_replacement ... ok
test device::tests::projection_history_capacity_maps_to_named_process_lifetime_error ... ok
test device::tests::profile_manifest_digest_is_frozen ... ok
test device::tests::revision_zero_profile_rejects_consistent_nonzero_revision ... ok
test linux::contract_tests::aperture_count_growth_and_truncation_fail_closed ... ok
test linux::contract_tests::enabled_xnack_is_rejected_without_mutation ... ok
test memory::tests::every_allocation_stage_failure_quarantines ... ok
test memory::memory_model_tests::projection_failure_quarantines_the_adapter_engine ... ok
test memory::tests::every_release_stage_failure_quarantines_without_free_retry ... ok
test memory::tests::every_map_and_unmap_stage_failure_quarantines ... ok
test memory::tests::failed_dontfork_or_mprotect_discards_inaccessible_mapping ... ok
test memory::tests::free_failure_is_terminal_and_never_retried_by_drop ... ok
test linux::contract_tests::disabled_xnack_runs_set_barrier_and_requeries ... ok
test memory::memory_model_tests::private_session_completion_journal_has_exact_order_counts_and_states ... ok
test memory::tests::malformed_alloc_outputs_quarantine ... ok
test memory::tests::panicking_borrow_still_runs_post_currentness_and_quarantines_on_failure ... ok
test memory::tests::process_vm_registry_admits_distinct_devices_independently ... ok
test memory::tests::process_vm_registry_poison_is_fail_closed_on_mismatched_finish ... ok
test memory::tests::successful_lifecycle_orders_munmap_before_one_free ... ok
test memory::tests::full_prefix_plus_errno_is_ambiguous_and_quarantines ... ok
test memory::tests::successful_ioctl_without_full_prefix_quarantines_map_and_unmap ... ok
test memory_linux::tests::cpu_unmap_guard_keeps_the_exact_gpu_va_reserved ... ok
test memory_linux::tests::mapped_completion_slots_use_exact_acquire_and_release_atomics ... ok
test memory_linux::tests::mapped_packet_accepts_only_zero_setup_for_barrier_and_header ... ok
test memory_linux::tests::mapped_packet_observation_is_acquiring_and_wraps_private_slot ... ok
test memory_linux::tests::sdma_packet_construction_precedes_exact_visible_write_publication ... ok
test memory::tests::immutable_borrow_checks_currentness_before_and_after ... ok
test memory::tests::memory_profile_manifest_is_frozen ... ok
test persistent_allocation::tests::caller_reported_currentness_loss_quarantines_without_claiming_observation ... ok
test memory::tests::mutable_borrow_checks_currentness_before_and_after ... ok
test persistent_allocation::tests::capacity_and_allocation_bounds_are_preflighted ... ok
test persistent_allocation::tests::timeout_retains_exact_published_custody ... ok
test memory_linux::tests::mapped_packet_accepts_exact_wait_for_prior_release_header ... ok
test persistent_compute::tests::coexistence_manifest_has_its_own_frozen_identity ... ok
test persistent_allocation::tests::compute_detach_cancel_and_completion_restore_the_exact_mapping ... ok
test persistent_compute::tests::readwrite_completion_never_reuses_predispatch_authenticated_digest ... ok
test persistent_compute::tests::metadata_effect_reports_only_write_capability ... ok
test persistent_allocation::tests::exact_peer_form_and_operation_access_are_checked ... ok
test persistent_allocation::tests::indeterminate_publication_quarantines_and_blocks_release ... ok
test persistent_compute::tests::manifest_digest_is_frozen ... ok
test memory::tests::ordinary_footprint_is_checked_and_page_aligned ... ok
test persistent_compute::tests::terminal_custody_observation_is_address_free_and_stage_exact ... ok
test persistent_compute::tests::transition_failure_into_parts_preserves_retryable_or_terminal_custody ... ok
test memory::tests::malformed_progress_quarantines ... ok
test persistent_allocation::tests::overlapping_writer_requires_exact_current_successful_frontier ... ok
test persistent_directional_sdma::tests::closing_currentness_loss_is_terminal_before_and_after_completion ... ok
test persistent_directional_sdma::tests::currentness_hash_failure_returns_opaque_completed_h2d_custody ... ok
test memory_linux::tests::aql_counter_operations_use_the_reviewed_amd_control_offsets ... ok
test memory::tests::non_identity_cpu_mapping_quarantines_before_mapping_setup ... ok
test persistent_directional_sdma::tests::demotion_requires_exact_frontier_retirement ... ok
test persistent_directional_sdma::tests::every_full_ticket_coordinate_is_authenticated ... ok
test persistent_directional_sdma::tests::foreign_queue_ready_promotion_returns_exact_retryable_completed_receipt ... ok
test persistent_directional_sdma::tests::extent_admission_is_bounded_and_page_rounded_only_physically ... ok
test persistent_directional_sdma::tests::host_and_range_substitution_are_terminal ... ok
test persistent_allocation::tests::owner_and_generation_substitution_recover_move_only_custody ... ok
test persistent_directional_sdma::tests::legacy_detached_window_gate_returns_exact_custody_in_both_directions ... ok
test persistent_allocation::tests::prepublication_cancel_reclaims_slots ... ok
test persistent_allocation::tests::reads_coexist_writers_conflict_and_disjoint_writers_coexist ... ok
test persistent_directional_sdma::tests::pending_timeout_and_exact_completion_preserve_direction_and_size ... ok
test persistent_directional_sdma::tests::terminal_receiver_returns_foreign_directional_inputs_exactly ... ok
test persistent_directional_sdma::tests::manifest_digest_is_frozen ... ok
test persistent_directional_sdma::tests::window_manifest_digest_is_frozen ... ok
test persistent_directional_sdma::tests::legacy_quiescence_gate_returns_exact_compute_input ... ok
test persistent_directional_sdma::tests::window_completion_offset_substitution_is_terminal ... ok
test persistent_directional_sdma::tests::window_completion_metadata_mismatch_is_terminal ... ok
test persistent_directional_sdma::tests::window_clean_recovery_restores_the_exact_owner_pair ... ok
test persistent_directional_sdma::tests::window_retained_and_substituted_publications_quarantine_the_whole_roster ... ok
test persistent_same_device_sdma::tests::same_device_completion_coordinate_substitution_is_terminal ... ok
test persistent_allocation::tests::prepared_indeterminate_use_is_quarantined_without_fake_publication ... ok
test persistent_directional_sdma::tests::next_use_requires_exact_frontier_retirement_not_dependency_chaining ... ok
test persistent_directional_sdma::tests::pair_admission_rejects_swapped_engines_and_duplicate_children ... ok
test persistent_allocation::tests::sdma_detach_restore_requires_exact_local_native_identity ... ok
test persistent_same_device_sdma::tests::same_device_completion_source_destination_substitution_is_terminal ... ok
test persistent_same_device_sdma::tests::same_device_identical_storage_is_rejected_before_pair_publication ... ok
test persistent_directional_sdma::tests::more_than_64_arbitrarily_alternating_directions_are_admitted ... ok
test persistent_same_device_sdma::tests::same_device_leases_have_distinct_read_and_write_roles ... ok
test persistent_directional_sdma::tests::pooled_logical_extent_preserves_physical_owner_and_buffer_debit ... ok
test persistent_directional_sdma::tests::poisoned_queue_promotion_preflight_preserves_completed_h2d_frontier ... ok
test persistent_directional_sdma::tests::prepared_ticket_must_name_the_selected_child_and_valid_slot_generation ... ok
test persistent_directional_sdma::tests::promotion_and_demotion_failures_preserve_explicit_owner_custody ... ok
test persistent_directional_sdma::tests::recoverable_publication_restores_exact_owners_in_both_directions ... ok
test persistent_directional_sdma::tests::retained_and_substituted_ticket_publications_are_terminal ... ok
test persistent_directional_sdma::tests::more_than_64_repeated_same_direction_uses_are_admitted ... ok
test persistent_same_device_sdma::tests::terminal_same_device_admission_absorbs_invalid_geometry_after_affiliation ... ok
test persistent_same_device_sdma::tests::same_device_window_manifest_digest_is_frozen ... ok
test persistent_allocation::tests::release_requires_settlement_and_returns_exact_native_owner ... ok
test persistent_same_device_sdma::tests::same_device_swapped_frontiers_do_not_partially_retire ... ok
test persistent_sdma::tests::exact_direction_is_derived_from_the_targeted_engine ... ok
test persistent_directional_sdma::tests::terminal_directional_admission_absorbs_self_owned_invalid_geometry ... ok
test persistent_same_device_sdma::tests::same_device_pending_timeout_completion_and_retirement_are_paired ... ok
test persistent_directional_sdma::tests::window_pending_timeout_and_exact_completion_are_aggregate ... ok
test persistent_same_device_sdma::tests::same_device_window_packet_bound_is_exact ... ok
test persistent_same_device_sdma::tests::same_device_retained_and_ticket_substitution_quarantine_both_owners ... ok
test persistent_same_device_sdma::tests::terminal_receiver_returns_foreign_same_device_inputs_exactly ... ok
test persistent_sdma::tests::pending_poll_retains_the_exact_move_only_submission ... ok
test queue::completion::dependency_event::tests::dependency_admission_rejects_cross_session_cycles_and_duplicates_without_mutation ... ok
test persistent_sdma::tests::adapter_manifest_digest_is_frozen ... ok
test persistent_same_device_sdma::tests::same_device_lower_selector_stays_additive ... ok
test persistent_sdma::tests::terminal_completion_is_opaque_and_reports_exact_stage ... ok
test queue::completion::dependency_event::tests::unbound_event_pins_cancel_and_binds_exactly_once ... ok
test queue::completion::dependency_event::tests::stale_generation_and_checked_overflow_return_linear_owners ... ok
test queue::completion::dependency_event::tests::dependency_reader_release_is_exactly_once_and_addressless ... ok
test queue::completion::tests::barrier_probe_generation_exhaustion_terminally_poisons_owner ... ok
test queue::completion::tests::barrier_probe_binds_only_queue_and_signal_then_recycles ... ok
test queue::completion::tests::barrier_probe_cancel_restores_release_and_dispatch_admission ... ok
test queue::completion::tests::binding_rejects_wrong_queue_vm_and_packet_without_mutation ... ok
test queue::completion::tests::barrier_probe_timeout_retains_custody_until_outer_quarantine ... ok
test queue::completion::tests::completion_manifest_digest_is_frozen ... ok
test queue::completion::tests::barrier_probe_rejects_missing_packet_and_zero_identity ... ok
test queue::completion::dependency_event::tests::dropping_tokens_is_inert_and_never_hides_a_reset ... ok
test queue::completion::dependency_event::tests::event_custody_manifest_digest_is_frozen ... ok
test queue::completion::tests::completion_binding_preserves_mixed_packet_ordering ... ok
test queue::completion::tests::completion_currentness_handoff_is_private_and_move_only ... ok
test queue::completion::tests::barrier_probe_currentness_fault_and_reset_failures_poison ... ok
test queue::completion::dependency_event::tests::checked_identity_exhaustion_precedes_pin_or_ledger_mutation ... ok
test queue::completion::dependency_event::tests::target_identity_bridge_binds_only_after_publication ... ok
test queue::completion::dependency_event::tests::parent_bridge_projects_exact_identity_and_signal_without_observation ... ok
test queue::completion::tests::completion_owner_retains_exact_heap_cardinality_with_bounded_inline_state ... ok
test queue::completion::dependency_event::tests::event_release_does_not_release_reader_and_both_block_recycle ... ok
test persistent_directional_sdma::tests::synchronous_single_path_fuses_publication_and_bounded_completion_scope ... ok
test queue::completion::tests::currentness_handoff_failures_never_report_false_recycle ... ok
test queue::completion::tests::every_currentness_and_recycle_boundary_fails_closed ... ok
test queue::completion::tests::zero_poll_timeout_preserves_locator_without_scanning_signals ... ok
test queue::dependency::tests::acceptance_epochs_are_unique_monotonic_and_burned ... ok
test queue::completion::dependency_event::tests::batch_duplicate_rejection_is_atomic_and_exact_release_succeeds_once ... ok
test queue::completion::tests::expired_deadline_preserves_custody_without_scanning_signals ... ok
test queue::completion::tests::oversized_poll_bound_is_terminal_before_observation ... ok
test queue::dependency::tests::cross_batch_target_components_fail_before_active_or_native_mutation ... ok
test queue::dependency::tests::dependency_publisher_foundation_manifest_digest_is_frozen ... ok
test queue::completion::tests::exact_arena_initialization_matches_every_frozen_signal_image ... ok
test queue::dependency::tests::isolated_foundation_owners_show_why_production_construction_stays_private ... ok
test queue::completion::tests::observation_failure_at_every_batch_slot_is_terminal ... ok
test queue::completion::tests::pending_with_false_closing_currentness_is_terminal_not_retryable ... ok
test queue::dependency::tests::claim_currentness_and_panic_keep_real_target_and_reader_authority_terminal ... ok
test queue::dependency::tests::occupancy_rollback_releases_real_readers_in_reverse_and_returns_events_in_order ... ok
test queue::dependency::tests::mixed_source_owners_are_rejected_before_native_publication ... ok
test queue::completion::tests::progress_uses_one_currentness_envelope_for_the_exact_batch_scan ... ok
test queue::completion::tests::pending_currentness_handoff_preserves_the_two_check_no_reset_path ... ok
test queue::dependency::tests::final_nonzero_epoch_is_issued_once_then_exhaustion_poison_is_permanent ... ok
test queue::completion::tests::pending_ready_and_recycle_are_exact_for_unique_signals ... ok
test queue::completion::tests::timeout_observation_is_addressless_and_preserves_exact_values ... ok
test queue::completion::tests::stale_generation_and_live_batches_prevent_release ... ok
test queue::completion::tests::substituted_handoff_identity_is_rejected_before_any_reset ... ok
test queue::dependency::tests::target_use_rejects_empty_oversized_and_prepublished_sources ... ok
test queue::device_content::tests::content_identity_is_canonical_and_binds_role_ordinal_extent_and_sha ... ok
test queue::dependency::tests::successful_native_publication_binds_exact_target_without_source_polling ... ok
test queue::dependency::tests::target_use_requires_cross_queue_earlier_distinct_sources ... ok
test queue::completion::tests::ready_currentness_handoff_removes_exactly_one_recycle_opening_check ... ok
test queue::device_content::tests::manifest_digest_is_frozen ... ok
test queue::dependency::tests::exact_target_completion_releases_source_pins_once_then_enables_recycle ... ok
test queue::device_content::tests::exact_completion_is_the_only_initialized_authority_mint ... ok
test queue::device_content::tests::preflight_rejects_every_identity_and_extent_substitution_without_losing_inputs ... ok
test queue::device_content::tests::only_no_effect_failure_is_retryable_and_every_later_boundary_is_poisoned ... ok
test queue::completion::tests::fault_timeout_and_ambiguous_observation_poison ... ok
test queue::dependency::tests::active_target_capacity_accepts_128_rejects_129_without_effect_and_reuses_release ... ok
test queue::device_content::tests::publication_and_completion_are_exact_generation_bound_and_fail_closed ... ok
test persistent_directional_sdma::tests::live_r19_path_uses_physical_promotion_and_operational_hot_path_checks ... ok
test queue::completion::tests::capacity_and_identity_exhaustion_are_preflighted ... ok
test queue::dispatch_binding::preparation::tests::preparation_bind_callers_root_before_loan_and_transfer_after_settlement ... ok
test queue::dependency::tests::published_target_event_can_feed_a_second_target_before_first_completion ... ok
test queue::dependency::tests::published_target_owner_substitution_is_terminal ... ok
test queue::dispatch_binding::preparation::tests::preparation_foreign_data_rejection_keeps_the_complete_original_roster ... ok
test queue::dispatch_binding::preparation::tests::preparation_invalid_generation_and_plan_keep_original_inputs ... ok
test queue::completion::tests::boundary_batches_bind_distinct_wrap_free_signal_slots ... ok
test queue::dispatch_binding::preparation::tests::preparation_late_packet_resolution_keeps_earlier_packet_and_all_controls ... ok
test queue::dispatch_binding::preparation::tests::ordinary_constructor_root_preserves_real_preparation_before_control_entry ... ok
test queue::dispatch_binding::pristine_abort::tests::pristine_continuation_preserves_exact_next_generation_and_changes_occurrence ... ok
test queue::dispatch_binding::pristine_abort::tests::dispatch_retention_after_pristine_abort_preserves_all_five_input_variants ... ok
test queue::dispatch_binding::preparation::tests::preparation_single_persistent_wrapper_preserves_role_and_generation ... ok
test queue::dispatch_binding::pristine_abort::tests::pristine_abort_native_errors_and_panics_keep_data_and_disallow_retry ... ok
test queue::dispatch_binding::pristine_abort::tests::pristine_abort_releases_only_control_and_preserves_all_storage_variants ... ok
test queue::dispatch_binding::pristine_abort::tests::pristine_abort_sweeps_currentness_and_partial_control_cleanup ... ok
test queue::dispatch_binding::pristine_abort::tests::pristine_abort_rejects_partial_and_malformed_gpu_unmap_for_each_control ... ok
test queue::dispatch_binding::pristine_abort::tests::pristine_abort_rejects_malformed_premises_before_native_effects ... ok
test queue::dispatch_binding::preparation::tests::preparation_generation_owner_precedes_the_first_fallible_stage ... ok
test queue::completion::dependency_event::tests::bounded_ledgers_reject_capacity_before_pin_mutation ... ok
test queue::dispatch_binding::preparation::tests::preparation_three_binding_wrapper_preserves_exact_roles_and_data_effects ... ok
test queue::dispatch_binding::preparation::tests::preparation_terminal_variant_retains_actual_completed_owner ... ok
test queue::dispatch_binding::preparation::tests::persistent_single_bind_settlement_retains_real_data_controls_and_generation ... ok
test queue::dispatch_binding::pristine_abort::tests::pristine_rejects_actual_cancelled_and_completed_epoch_histories ... ok
test queue::dispatch_binding::pristine_abort::tests::pristine_rejection_checks_every_slot_and_does_not_mutate ... ok
test queue::dispatch_binding::tests::caller_must_zero_every_byte_of_the_implicit_suffix ... ok
test queue::dispatch_binding::preparation::tests::preparation_completed_owner_survives_caller_unwind_before_transfer ... ok
test queue::dispatch_binding::preparation::tests::persistent_replay_settlement_keeps_real_control_and_data_without_rebuilding ... ok
test queue::dispatch_binding::tests::cancelled_replay_preserves_predecessor_and_cannot_double_reattach ... ok
test queue::dispatch_binding::tests::code_bound_kernarg_layout_requires_exact_dispatch_abi_identity ... ok
test queue::dispatch_binding::tests::completed_read_requests_reject_phase_generation_effect_bounds_and_overlap ... ok
test queue::dispatch_binding::tests::completed_snapshot_premises_require_initialized_coherent_isolated_writes ... ok
test queue::dispatch_binding::tests::completed_snapshot_binding_requires_strict_isolated_writable_enclosure ... ok
test queue::dispatch_binding::tests::data_premises_reject_uninitialized_reads_and_identity_aliases ... ok
test queue::dispatch_binding::tests::completed_snapshot_requests_require_exact_recycled_declaration ... ok
test queue::dispatch_binding::tests::every_data_lease_must_be_referenced_by_every_batch_shape ... ok
test queue::dispatch_binding::tests::every_live_epoch_phase_blocks_every_owner_global_recipe_transition ... ok
test queue::dispatch_binding::tests::exhausted_vacant_slot_is_skipped_without_mutating_failed_admission ... ok
test queue::dispatch_binding::tests::exact_epoch_authentication_rejects_every_identity_and_completion_substitution ... ok
test queue::dispatch_binding::tests::exhaustion_and_poison_from_each_phase_are_terminal_and_fail_closed ... ok
test queue::dispatch_binding::tests::fixed_batch_may_select_one_program_from_a_larger_inspected_roster ... ok
test queue::dispatch_binding::tests::fixed_batch_ring_must_cover_every_packet_before_native_preparation ... ok
test queue::dispatch_binding::tests::implicit_kernarg_admits_only_geometry_and_dynamic_lds_fields ... ok
test queue::dispatch_binding::tests::implicit_kernarg_requires_one_exact_trailing_256_byte_extent ... ok
test queue::dispatch_binding::tests::host_retained_physical_lane_a_b_c_epochs_coexist_and_retire_out_of_observation_order ... ok
test queue::dispatch_binding::tests::implicit_kernarg_uses_full_block_counts_and_partial_remainders ... ok
test queue::dispatch_binding::tests::never_published_detached_generation_rebinds_as_fresh_owner ... ok
test queue::dispatch_binding::tests::manifest_digest_is_frozen ... ok
test queue::dispatch_binding::tests::owner_phase_is_linear_and_terminal_poison_is_sticky ... ok
test queue::dispatch_binding::tests::out_of_order_host_retirement_keeps_the_monotonic_completed_frontier ... ok
test queue::dispatch_binding::tests::multi_inflight_epoch_table_is_preallocated_bounded_and_reusable_without_aba ... ok
test queue::dispatch_binding::tests::packet_and_data_bounds_are_exact ... ok
test queue::dispatch_binding::tests::actual_program_and_packet_mutations_change_persistent_control_identity ... ok
test queue::dispatch_binding::tests::persistent_control_detached_data_blocks_returning_destroy_but_not_ordinary_release ... ok
test queue::dispatch_binding::tests::persistent_control_generation_advances_across_replay_cycles ... ok
test queue::dispatch_binding::tests::private_initializer_writes_only_metadata_declared_implicit_fields ... ok
test queue::dispatch_binding::tests::persistent_control_replay_requires_exact_identity_and_recycled_generation ... ok
test queue::dispatch_binding::tests::public_buffer_contract_requires_inspected_access_and_alignment ... ok
test queue::dispatch_binding::tests::public_fixed_batch_retains_untouched_roster_premises ... ok
test queue::dispatch_binding::tests::persistent_control_replay_rejects_every_bound_identity_substitution ... ok
test queue::dispatch_binding::tests::public_buffer_contract_rejects_pointer_range_alignment_and_alias_drift ... ok
test queue::dispatch_binding::tests::public_read_effect_requires_sealed_initialization ... ok
test queue::dispatch_binding::tests::recycled_queue_can_admit_a_different_second_fixed_batch_generation ... ok
test queue::dispatch_binding::tests::r66_published_occurrence_observation_preserves_digest_and_owner_state ... ok
test queue::dispatch_binding::tests::replacement_owner_advances_from_exact_recycled_generation ... ok
test queue::dispatch_binding::tests::replacement_preflight_rejects_empty_programs_and_exhausted_generation_before_mutation ... ok
test queue::dispatch_binding::tests::retryable_cancel_preserves_last_recycle_for_returning_destroy ... ok
test queue::dispatch_binding::tests::returning_destroy_admits_unpublished_or_exactly_recycled_only ... ok
test queue::dispatch_binding::tests::typed_pointer_layout_is_complete_bounded_and_nonoverlapping ... ok
test queue::dispatch_binding::tests::write_only_replay_accepts_uninitialized_exact_storage ... ok
test queue::completion::tests::maximum_dispatch_roster_validation_is_one_visit_per_packet ... ok
test queue::live::compute_sdma_coexistence::tests::r66_attachment_diagnostics_reject_one_coordinate_changes ... ok
test queue::live::compute_sdma_coexistence::tests::r66_compute_custody_diagnostics_distinguish_live_settled_and_local_storage ... ok
test queue::live::compute_sdma_coexistence::tests::r66_compute_entry_diagnostics_reject_one_coordinate_changes ... ok
test queue::dispatch_binding::preparation::tests::persistent_three_bind_settlement_retains_real_roster_controls_roles_and_generation ... ok
test queue::live::compute_sdma_coexistence::tests::r66_prepared_and_published_compute_shape_are_distinct_without_native_authority ... ok
test queue::live::construction::tests::ring_handoffs_preserve_each_profile_and_transfer_once ... ok
test queue::live::construction::tests::ring_preflight_rejects_foreign_and_closed_sessions_without_moving_tokens ... ok
test queue::live::construction_auxiliary::tests::auxiliary_vacancy_rejects_drift_without_consuming_or_overwriting_owners ... ok
test queue::live::construction_auxiliary::tests::auxiliary_success_installs_only_new_lane_and_leaves_parent_ledgers_unchanged ... ok
test queue::live::construction_auxiliary::tests::auxiliary_terminal_transfer_preserves_exact_ledgers_after_caller_drop ... ok
test queue::live::compute_sdma_coexistence::tests::r66_profile_failure_remains_distinct_from_missing_native_owner ... ok
test queue::live::construction_auxiliary::tests::auxiliary_vacancy_success_moves_once_without_vector_growth ... ok
test queue::live::construction::tests::resource_prefix_success_transfers_exact_roster_once_without_native_calls ... ok
test queue::live::construction_auxiliary::tests::auxiliary_settlement_retains_completed_lane_and_original_scope_on_error_or_panic ... ok
test queue::live::construction::tests::ring_admitted_map_failures_match_exact_r88_custody_and_keep_existing_charges ... ok
test queue::live::construction_auxiliary::tests::auxiliary_returned_completion_survives_composed_operation_and_retake_matrix ... ok
test queue::dispatch_binding::tests::stale_and_double_use_transitions_never_mutate_generation_state ... ok
test queue::live::construction::tests::borrowed_view_rejects_every_mapping_and_publication_substitution ... ok
test queue::dispatch_binding::preparation::tests::preparation_preserves_mixed_roster_and_full_successful_images ... ok
test queue::dispatch_binding::preparation::tests::preparation_allocation_projection_failure_keeps_actual_returned_control ... ok
test queue::device_content::tests::repeated_byte_recipe_matches_materialized_descriptors_at_chunk_boundaries ... ok
test queue::live::construction_primary::tests::constructor_error_keeps_public_auto_traits_without_native_custody ... ok
test queue::live::construction_primary::tests::construction_token_preflight_preserves_foreign_closed_and_occupied_inputs ... ok
test queue::live::construction_primary::tests::construction_token_success_installs_exact_output_and_clears_marker_once ... ok
test queue::live::construction_primary::tests::rooted_settlement_does_not_destroy_secondary_panicking_payload ... ok
test queue::live::construction_primary::tests::captured_preparation_survives_later_rejection_and_panic_without_reinvocation ... ok
test queue::live::construction_primary::tests::rooted_success_transfers_non_send_borrowed_preparation_without_cleanup ... ok
test queue::live::dispatch::tests::admits_one_complete_structural_request_without_native_work ... ok
test queue::live::construction_primary::tests::rooted_settlement_preserves_original_owner_and_first_panic_through_cleanup ... ok
test queue::live::construction_primary::tests::rooted_control_and_completion_handoffs_retain_actual_r88_tokens_and_accounts ... ok
test queue::live::dispatch::tests::buffer_constructor_rejects_zero_length_authority ... ok
test queue::live::dispatch::tests::manifest_digest_is_current ... ok
test queue::live::dispatch::tests::rejects_every_pointer_fixup_substitution_class ... ok
test queue::live::dispatch::tests::rejects_invalid_kernarg_and_timeout_bounds ... ok
test queue::live::construction::tests::resource_prefix_rejections_preserve_all_present_owners_and_identity_order ... ok
test queue::live::dispatch::tests::rejects_nonzero_and_duplicate_pointer_placeholders ... ok
test queue::dispatch_binding::preparation::tests::preparation_pre_effect_stage_failures_leave_native_state_unchanged ... ok
test queue::live::dispatch::tests::rejects_empty_and_invalid_executable_ranges ... ok
test queue::live::dispatch::tests::request_parts_move_every_coordinate_and_allocation_without_copying ... ok
test queue::live::dispatch::tests::terminal_exception_observation_preserves_admitted_reason_bits ... ok
test queue::live::model_loan::tests::live_model_custody_opening_rejection_and_panic_never_retake ... ok
test queue::live::dispatch::tests::rejects_unimplemented_scratch_and_out_of_profile_resources ... ok
test queue::live::pristine_abort::tests::pristine_abort_cleanup_panic_survives_second_panic_and_keeps_custody ... ok
test queue::live::model_loan::tests::live_model_custody_preserves_primary_without_destroying_secondary_payload ... ok
test queue::live::model_loan::tests::live_model_custody_external_owner_survives_closing_failure ... ok
test queue::live::model_loan::tests::live_model_custody_operation_retake_matrix_preserves_order_and_first_panic ... ok
test queue::live::pristine_abort::tests::pristine_abort_cleanup_error_terminalizes_queue_and_process ... ok
test queue::live::pristine_abort::tests::pristine_abort_auxiliary_state_restores_on_success_and_panic ... ok
test queue::live::pristine_abort::tests::pristine_abort_commits_complete_ledger_only_after_closing_success ... ok
test queue::live::sdma_logical_mux::tests::cursor_commit_gate_requires_a_complete_two_native_success ... ok
test queue::live::pristine_abort::tests::pristine_abort_closing_failure_keeps_complete_terminal_custody ... ok
test queue::live::pristine_abort::tests::pristine_rebind_constructor_rejection_is_terminal_without_retry_authority ... ok
test queue::live::sdma_logical_mux::tests::failure_classification_is_fail_closed ... ok
test queue::live::pristine_abort::tests::pristine_rebind_settlement_roots_prepared_owner_before_closing_or_validation_failure ... ok
test queue::live::sdma_logical_mux::tests::facade_caught_mux_unwinds_restore_poison_and_fail_stop ... ok
test queue::live::pristine_abort::tests::pristine_abort_loan_rejection_restores_attached_owner_without_effects ... ok
test queue::live::pristine_abort::tests::pristine_consuming_rebind_preflight_failure_is_terminal_without_native_calls ... ok
test queue::live::pristine_abort::tests::pristine_abort_rejects_bad_ledger_and_unreleasable_completion_before_cleanup ... ok
test queue::live::sdma_logical_mux::tests::no_effect_publication_recovers_canonical_request_custody ... ok
test queue::live::sdma_logical_mux::tests::operation_unwind_catcher_contains_an_injected_panic ... ok
test queue::live::pristine_abort::tests::pristine_detached_quiescence_rejects_mixed_or_incomplete_state ... ok
test queue::live::sdma_logical_mux::tests::first_native_indeterminate_is_terminal_and_cannot_advance_cursor ... ok
test queue::live::sdma_multi_queue::tests::already_terminal_multi_queue_session_never_advertises_retryable_custody ... ok
test queue::live::sdma_logical_mux::tests::publication_path_has_no_post_publication_allocation_site ... ok
test queue::live::sdma_multi_queue::tests::multi_queue_failures_distinguish_retryable_and_terminal_truth ... ok
test queue::live::sdma_multi_queue::tests::aggregate_completion_has_one_envelope_and_never_partially_retires ... ok
test queue::live::sdma_multi_queue::tests::submission_disposition_terminalizer_is_exact_and_retryable_is_inert ... ok
test queue::live::sdma_multi_queue::tests::terminal_shard_observation_returns_the_source_slice_lifetime ... ok
test queue::live::sdma_multi_queue::tests::profiled_and_ordinary_waits_share_one_custody_machine ... ok
test queue::live::sdma_logical_mux::tests::nested_retirement_suffix_unwind_is_lower_immediate_abort ... ok
test queue::live::sdma_multi_queue::tests::injected_wait_panic_retains_the_exact_sealed_submission ... ok
test queue::live::sdma_multi_queue::tests::terminal_custody_is_observation_only_and_drop_is_physically_inert ... ok
test queue::live::sdma_multi_queue::tests::every_process_teardown_exit_uses_one_terminalizer_and_timeout_does_not ... ok
test queue::live::tests::auxiliary_destroy_preflight_rejection_preserves_custody_for_retry ... ok
test queue::live::tests::auxiliary_lane_reuse_advances_generation_and_rejects_substitution ... ok
test queue::live::tests::auxiliary_destroy_accepts_fully_released_detached_lane ... ok
test queue::live::tests::auxiliary_destroy_rejects_live_completion_then_accepts_exact_cancellation ... ok
test queue::live::sdma_multi_queue::tests::multi_queue_terminal_boundary_is_process_global_in_a_subprocess ... ok
test queue::live::tests::auxiliary_queue_publishes_cwsr_payload_only_at_native_create_boundary ... ok
test queue::live::tests::auxiliary_destroy_rejects_live_or_malformed_detached_ledger_without_taking_custody ... ok
test queue::live::tests::coherent_capture_preflight_binds_owner_kind_and_logical_extent ... ok
test queue::live::tests::borrowed_initialization_queue_wiring_keeps_guards_retake_and_identity_order ... ok
test queue::live::tests::barrier_probe_backings_have_stable_distinct_contracts ... ok
test queue::live::tests::barrier_probe_poll_bound_rejects_before_device_consumption ... ok
test queue::live::tests::barrier_success_snapshot_accepts_only_the_exact_redacted_contract ... ok
test queue::live::tests::completed_observation_with_lost_currentness_is_terminal_and_unrestored ... ok
test queue::live::tests::borrowed_initialization_queue_rejects_before_native_model_loan ... ok
test queue::live::tests::confirmed_persistent_publication_records_the_exact_ticket ... ok
test queue::live::tests::backing_constructor_forwarding_precedes_prepare_and_keeps_process_vm_envelope ... ok
test queue::live::tests::create_result_is_nonterminal_only_when_no_effect_is_explicit ... ok
test queue::live::tests::coherent_capture_queue_wiring_preserves_retake_and_terminal_boundary ... ok
test queue::live::tests::combined_sdma_finish_recovers_only_timeout_after_closing_currentness ... ok
test queue::live::tests::combined_teardown_destroys_and_releases_both_owner_sets_in_order ... ok
test queue::live::tests::confirmed_persistent_publication_rejects_same_queue_ticket_substitution ... ok
test queue::live::tests::demote_repromote_rejects_frontier_aba_for_the_same_native_allocation ... ok
test queue::live::tests::detached_returning_destroy_observes_exact_private_generation ... ok
test queue::live::tests::detached_returning_destroy_cardinality_mismatch_is_terminal ... ok
test queue::live::tests::detached_returning_destroy_preserves_never_published_generation_zero ... ok
test queue::live::tests::destroyed_queue_observation_counts_base_and_optional_sdma_resources ... ok
test queue::live::tests::detached_returning_destroy_rejects_fabricated_unbound_phase ... ok
test queue::live::tests::detached_storage_identity_replacement_preserves_the_released_ordinal ... ok
test queue::live::tests::combined_and_standalone_striped_owners_route_without_aliasing ... ok
test queue::live::tests::destroy_revision_preflight_preserves_precondition_order_and_is_terminal ... ok
test queue::live::tests::device_pool_configuration_is_optional_immutable_and_history_is_irreversible ... ok
test queue::live::tests::detached_storage_identity_rejects_cross_queue_substitution_and_reordering ... ok
test queue::live::tests::device_pool_every_sdma_resource_attempt_closes_configuration_even_on_rejection ... ok
test queue::live::tests::device_pool_default_preserves_recycle_checkout_and_host_cache_behavior ... ok
test queue::live::tests::every_post_handoff_failure_keeps_original_debug_token_empty ... ok
test queue::live::tests::exact_detached_insertion_clears_legacy_replacement_state_at_any_valid_ordinal ... ok
test queue::live::tests::exact_detached_insertion_rejects_out_of_range_without_mutation ... ok
test queue::live::tests::exact_persistent_completion_restores_both_owners_and_frontier ... ok
test queue::live::tests::fixed_dispatch_observation_error_process_gates_with_a_live_sibling_epoch ... ok
test queue::live::tests::exact_prepared_persistent_submit_structural_failure_is_terminal_and_opaque ... ok
test queue::live::tests::either_persistent_roster_cardinality_blocks_generic_queue_transitions ... ok
test queue::live::tests::exact_persistent_completion_rejects_same_queue_host_substitution ... ok
test queue::live::tests::frontier_retirement_supports_more_than_the_bounded_ledger_sequential_uses ... ok
test queue::live::tests::device_pool_linux_wiring_keeps_exact_domain_disposal_and_no_second_byte_ledger ... ok
test queue::live::tests::completion_signal_full_is_retryable_without_native_effect_and_retries_after_recycle ... ok
test queue::live::tests::every_live_foundation_mutation_and_moved_owner_uses_the_unwind_envelope ... ok
test queue::live::tests::fixed_dispatch_recycle_only_preserves_the_signal_pinned_retry_path ... ok
test queue::live::tests::fused_async_single_prepublication_failure_script_is_fail_closed ... ok
test queue::live::tests::foreign_prepared_persistent_submit_receipt_remains_recoverable ... ok
test queue::live::tests::foreign_prepared_cancellation_receipt_retries_on_its_producer ... ok
test queue::live::tests::hostile_quarantine_failure_preserves_each_exact_persistent_phase ... ok
test queue::dispatch_binding::preparation::tests::preparation_materialization_access_and_currentness_panics_keep_borrowed_token ... ok
test queue::dispatch_binding::preparation::tests::preparation_mapping_panics_and_currentness_failures_keep_exact_custody ... ok
test queue::live::tests::host_pool_invalid_native_roster_poison_precedes_checkout_or_trim_mutation ... ok
test queue::live::tests::host_pool_configured_missing_owner_and_terminal_observation_are_not_empty_usage ... ok
test queue::live::tests::injected_persistent_bind_cancellation_failures_preserve_reserved_and_prepared_leases ... ok
test queue::live::tests::every_generic_linear_transition_checks_the_unified_persistent_roster_gate ... ok
test queue::live::tests::legacy_detached_only_gate_blocks_every_sdma_publication_and_both_directions ... ok
test queue::live::tests::ordinary_sdma_publication_gate_returns_exact_buffer_custody ... ok
test queue::live::tests::pending_and_timeout_keep_the_exact_published_submission ... ok
test queue::live::tests::mocked_facade_retains_and_recycles_a_b_c_on_one_immutable_wait_for_prior_recipe ... ok
test queue::live::tests::ordinary_template_validation_rejection_is_clean_and_next_binding_can_publish ... ok
test queue::live::tests::persistent_completion_recycle_driver_executes_required_paths ... ok
test queue::live::tests::persistent_completion_recycle_driver_exhausts_failure_custody_matrix ... ok
test queue::live::tests::persistent_bind_terminal_ingress_retains_self_but_returns_foreign_input ... ok
test queue::live::tests::nonpanic_retake_failure_requests_local_and_process_terminal_poison ... ok
test queue::live::tests::host_pool_linux_wiring_uses_exact_domain_before_recycle_checkout_trim ... ok
test queue::live::tests::persistent_bind_terminal_retake_dominates_successful_roster_cancellation ... ok
test queue::live::tests::persistent_completion_wait_driver_counts_zero_deadline_late_and_retry_observations ... ok
test queue::live::tests::persistent_compute_auxiliary_quiescence_accepts_exact_detached_idle_states ... ok
test queue::live::tests::persistent_completion_wait_driver_preserves_every_failure_route_and_custody ... ok
test queue::live::tests::persistent_compute_blocks_every_generic_recycled_dispatch_data_access ... ok
test queue::live::tests::persistent_bind_early_validation_retains_each_prepared_entry_on_error_and_panic ... ok
test queue::live::tests::persistent_host_binding_rejects_same_storage_descriptor_substitution ... ok
test queue::live::tests::persistent_exact_occupancy_retry_restores_every_layer_then_succeeds ... ok
test queue::live::tests::persistent_demotion_advances_pool_generation_without_changing_buffer_debit ... ok
test queue::live::tests::persistent_completion_wait_route_reuses_fused_poll_without_split_recycle ... ok
test queue::live::tests::persistent_normal_poll_identity_failure_process_gates_after_custody_consumption ... ok
test queue::live::tests::persistent_control_replay_uses_the_active_queue_currentness_policy ... ok
test queue::live::tests::persistent_ready_promotion_uses_only_bound_certificate_under_currentness ... ok
test queue::live::tests::persistent_sdma_active_spin_floor_is_bound_to_the_frozen_manifest ... ok
test queue::live::tests::persistent_sdma_request_restoration_is_exact_in_both_directions ... ok
test queue::live::tests::persistent_normal_recycle_identity_failure_process_gates_after_custody_consumption ... ok
test queue::live::tests::prepared_persistent_compute_cancellation_restores_initialized_rebind_input ... ok
test queue::live::tests::persistent_typed_native_callback_panic_has_no_claimed_native_stage ... ok
test queue::live::tests::persistent_sdma_request_restoration_rejects_generation_substitution ... ok
test queue::live::tests::persistent_completion_recycle_fused_route_has_one_ordered_handoff ... ok
test queue::live::tests::prepared_initial_cancellation_records_never_published_detached_generation ... ok
test queue::live::tests::persistent_submit_panic_resumes_payload_and_retains_terminal_phase ... ok
test queue::live::tests::probe_creation_phase_preserves_backing_and_terminal_classification ... ok
test queue::live::tests::prepared_replay_cancellation_preserves_initialized_after_dispatch_without_digest ... ok
test queue::live::tests::production_handoff_precedes_event_create_and_all_fallible_queue_steps ... ok
test queue::live::tests::retained_control_replay_failure_matrix_requires_an_exact_clean_round_trip ... ok
test queue::live::tests::retained_control_replay_loan_resolution_distinguishes_open_retake_and_ready ... ok
test queue::live::tests::queue_identity_digest_binds_backing_and_exact_ring_span ... ok
test queue::live::tests::retained_control_replay_cancellation_and_quarantine_preserve_prepared_authority ... ok
test queue::live::tests::recoverable_persistent_publication_restores_exact_owners_without_teardown ... ok
test queue::live::tests::public_auxiliary_lane_unwind_restores_lane_then_terminalizes_session ... ok
test queue::live::tests::retained_control_replay_script_executes_the_production_pipeline_and_preserves_stage_custody ... ok
test queue::live::tests::retained_control_replay_public_input_failure_is_retryable_only_for_clean_round_trip ... ok
test queue::live::tests::retained_control_replay_panics_keep_the_current_phase_outside_the_loan ... ok
test queue::live::tests::production_three_binding_bind_validates_real_vecadd_metadata_and_exact_storage ... ok
test queue::live::tests::retained_device_scope_requires_exact_live_queue_phase_and_unpoisoned_owners ... ok
test queue::live::tests::retained_persistent_publication_quarantines_directly_from_prepared ... ok
test queue::live::tests::retained_control_replay_terminal_custody_variants_preserve_exact_native_stage ... ok
test queue::live::tests::retake_failure_does_not_replace_the_original_panic_payload ... ok
test queue::live::tests::sdma_dispatch_content_check_rejects_length_and_digest_substitution ... ok
test queue::live::tests::shared_persistent_ledger_core_is_equivalent_for_one_and_three_entries ... ok
test queue::live::tests::stale_frontier_retirement_returns_exact_custody_and_current_frontier_still_retires ... ok
test queue::live::tests::session_owned_queue_id_roster_rejects_primary_auxiliary_and_sdma_collisions ... ok
test queue::live::tests::session_manifest_digest_is_frozen ... ok
test queue::live::tests::substituted_frontier_retirement_returns_both_allocation_and_frontier ... ok
test queue::live::tests::terminal_self_owned_prepared_cancellation_is_absorbed_opaquely ... ok
test queue::live::tests::three_binding_false_closing_currentness_quarantines_all_owners_for_any_observation ... ok
test queue::live::tests::single_uninitialized_write_bind_cancellation_preserves_uninitialized_custody ... ok
test queue::live::tests::three_binding_prepublication_cancel_restores_all_exact_initialized_inputs ... ok
test queue::live::tests::three_binding_bounded_wait_timeout_returns_exact_published_custody ... ok
test queue::live::tests::three_binding_cancel_identity_preflight_prevents_partial_restoration ... ok
test queue::live::tests::typed_native_callback_panic_terminalizes_without_rust_unwind_payload ... ok
test queue::live::tests::timeout_capture_always_precedes_terminal_poison ... ok
test queue::live::tests::timeout_memory_errors_preserve_currentness_classification ... ok
test queue::dispatch_binding::preparation::tests::preparation_seal_native_and_currentness_failures_keep_exact_session_handoff ... ok
test queue::submit::tests::amd_aql_control_initialization_matches_the_reviewed_layout ... ok
test queue::submit::tests::barrier_full_is_retryable_but_post_reservation_failure_is_terminal ... ok
test queue::submit::tests::batch_wrap_uses_exact_ordered_slots_and_last_packet_doorbell ... ok
test queue::live::tests::production_dependency_owner_lane_envelope_and_teardown_shape_is_sealed ... ok
test queue::submit::tests::dependency_callback_failures_report_exact_terminal_boundaries ... ok
test queue::submit::tests::batches_of_two_four_and_sixteen_use_one_reservation_and_one_doorbell ... ok
test queue::submit::tests::barrier_backend_occupancy_shaped_errors_are_terminal_after_reservation ... ok
test queue::submit::tests::dependency_callback_panics_become_terminal_custody ... ok
test queue::submit::tests::dependency_dispatch_uses_one_claim_all_bodies_all_headers_and_one_doorbell ... ok
test queue::submit::tests::dependency_currentness_rejection_before_claim_is_terminal_without_ring_effect ... ok
test queue::submit::tests::dependency_ring_pressure_is_retryable_and_preserves_the_plan ... ok
test queue::submit::tests::invalid_ring_initialization_covers_every_logical_slot ... ok
test queue::submit::tests::occupancy_shaped_backend_errors_are_terminal_at_every_checkpoint ... ok
test queue::submit::tests::occupancy_shaped_batch_side_effect_errors_are_terminal_and_sticky ... ok
test queue::submit::tests::postpublication_failure_poison_is_not_retryable ... ok
test queue::submit::tests::prepublication_currentness_failure_performs_no_store ... ok
test queue::submit::tests::write_counter_divergence_after_reservation_is_terminal ... ok
test queue::submit::tests::zero_dependency_barrier_uses_one_slot_and_exact_release_header ... ok
test queue::tests::admit_revision_exhaustion_retains_authority_in_terminal_engine ... ok
test queue::submit::tests::dependency_preclaim_panics_are_terminal_with_exact_plan_custody ... ok
test queue::submit::tests::full_regressed_and_replayed_counters_have_no_side_effect ... ok
test queue::tests::backend_return_rejects_live_or_unreleased_queue_resources ... ok
test queue::submit::tests::first_packet_uses_id_zero_and_exact_release_header ... ok
test queue::submit::tests::every_batch_side_effect_failure_is_terminal_without_cleanup_or_retry ... ok
test queue::tests::ambiguous_unknown_id_globally_poisons_create_and_known_id_collision_is_retained ... ok
test queue::submit::tests::full_and_insufficient_batch_space_are_retryable_before_side_effects ... ok
test queue::tests::certificate_revision_capacity_rejects_boundaries_without_model_mutation ... ok
test queue::live::tests::userptr_control_entry_failure_is_terminal_for_every_queue_backing ... ok
test queue::tests::complete_lifecycle_projects_exact_history_and_releases_only_explicitly ... ok
test queue::tests::foundation_certificate_rejects_active_vm_from_a_different_selected_device ... ok
test queue::tests::foundation_certificate_rejects_binding_generation_and_revision_substitution ... ok
test queue::tests::foundation_certificate_rejects_same_key_cross_state_correlation_substitution ... ok
test queue::tests::initialization::admission_precommit_failures_keep_exact_caller_authority ... ok
test queue::tests::initialization::admission_success_and_revision_exhaustion_transfer_only_into_engine ... ok
test queue::tests::destroy_rejects_exhausted_release_revision_before_native_call ... ok
test queue::tests::every_noncreate_operation_classifies_failure_and_mutation_conservatively ... ok
test queue::tests::initialization::initialization_success_transfers_once_and_rejects_reentry ... ok
test queue::tests::initialization::initialization_failure_retains_exact_backend_and_returned_foundation ... ok
test queue::tests::live_certificate_checks_do_not_repeat_global_validation ... ok
test queue::tests::create_errno_semantics_and_malformed_outputs_fail_closed ... ok
test queue::live::tests::userptr_inner_creation_failure_is_always_terminal ... ok
test queue::tests::manifest_digest_is_exact ... ok
test queue::tests::native_create_boundary_callback_runs_once_and_only_after_preflight ... ok
test queue::tests::queue_id_zero_and_positive_max_profile_id_are_both_admitted ... ok
test queue::tests::cumulative_history_capacity_rejects_before_currentness_or_ioctl ... ok
test queue::tests::process_and_currentness_loss_never_issue_or_retry_lifecycle_calls ... ok
test queue_linux::tests::checked_creation_finalization_requires_healthy_admitted_runtime ... ok
test queue::tests::two_queue_keys_remain_independently_active_and_destroyable ... ok
test queue_linux::tests::checked_creation_finish_disarms_once_after_runtime_admission ... ok
test queue::dispatch_binding::preparation::tests::preparation_kernarg_and_commit_stages_retain_all_controls ... ok
test queue_linux::tests::destroy_event_setter_owns_the_wire_record_not_reference_bytes ... ok
test queue::tests::update_from_disabled_preserves_exact_resume_phase_on_no_effect ... ok
test queue::live::tests::retained_control_replay_authority_carriers_are_move_only_and_private ... ok
test queue_linux::tests::process_runtime_context_rejects_cross_process_and_poisoned_joins ... ok
test queue_linux::tests::queue_exception_observation_cannot_be_reused ... ok
test queue_linux::tests::runtime_queue_event_order_is_linear_and_hostile_reordering_fails ... ok

running 1 test
test queue_linux::tests::process_runtime_context_multiplexes_independent_queue_leases ... ok
test queue_linux::tests::shadow_plan_is_exact_and_hostile_geometry_fails_closed ... ok
test queue_linux::tests::terminal_creation_arm_poisons_on_drop_or_unwind_and_disarms_only_on_success ... ok
test queue_linux::tests::payload_is_unmapped_at_event_destroy_boundary_before_later_cleanup ... ok
test queue_linux::tests::terminal_teardown_arm_clears_only_after_confirmed_success ... ok
test queue_linux::tests::terminal_unpublished_cleanup_retains_metadata_and_rejects_publication ... ok
test queue_linux::tests::teardown_arm_attempt_after_admission_check_linearizes_after_lease ... ok
test queue_linux::tests::timeout_diagnostic_admits_reason_but_rejects_malformed_shadow_state ... ok
test queue_linux::tests::unpublished_custody_unmaps_payload_on_early_return ... ok
test queue_linux::tests::unpublished_payload_is_unmapped_when_final_admission_fails ... ok
test queue_resources::tests::backing_profiles_are_observations_not_current_memory_admission ... ok
test queue_linux::tests::wait_and_payload_must_agree_and_unknown_reasons_are_rejected ... ok
test queue_resources::tests::every_capacity_input_is_checked_exactly ... ok
test queue_resources::tests::exact_gfx942_plan_matches_reviewed_formula ... ok
test queue_resources::tests::profile_digest_and_composition_are_frozen ... ok
test queue_resources::tests::selector_partition_and_gpu_id_fail_closed ... ok
test retained_device::tests::retained_scope_callback_panic_skips_closing_check_and_preserves_payload ... ok
test retained_device::tests::retained_scope_opening_failure_never_calls_back_or_retries_observation ... ok
test retained_device::tests::retained_scope_closing_failure_poisons_before_candidate_disposal ... ok
test retained_device::tests::retained_scope_currentness_panics_poison_before_unwind_disposal ... ok

running 1 test
test sdma::multi_queue::logical_mux::tests::admitted_lane_roster_is_closed ... ok
test retained_device::tests::retained_scope_is_reusable_and_keeps_error_results_inside_the_envelope ... ok
test retained_device::tests::retained_scope_success_keeps_candidate_alive_until_caller_disposal ... ok
test queue_resources::tests::hostile_ring_sizes_are_rejected ... ok
test queue::submit::tests::fixed_batch_of_8192_uses_one_fetch_add_and_one_final_doorbell ... ok
test sdma::multi_queue::logical_mux::tests::cursor_advances_in_logical_not_native_domain ... ok

running 1 test
test queue_resources::tests::missing_or_changed_driver_parameters_fail_closed ... ok
test sdma::multi_queue::logical_mux::tests::depth_112_mapping_is_stable_balanced_and_bounded_for_every_profile ... ok
test sdma::multi_queue::logical_mux::tests::native_plan_requires_both_exact_engines_before_cursor_commit_is_possible ... ok
test sdma::multi_queue::logical_mux::tests::plan_rejects_identity_lane_count_empty_and_stale_cursor ... ok
test sdma::multi_queue::logical_mux::tests::injected_first_native_indeterminate_failure_retains_rotated_exact_custody ... ok
test sdma::multi_queue::tail_wait::tests::compile_time_disabled_tail_scan_does_not_update_diagnostics ... ok
test sdma::multi_queue::logical_mux::tests::maximum_is_exactly_63_requests_per_native_queue ... ok
test sdma::multi_queue::logical_mux::tests::injected_second_native_failures_preserve_exact_partial_custody ... ok
test sdma::multi_queue::logical_mux::tests::injected_success_publishes_each_stable_native_filter_once ... ok
test sdma::multi_queue::logical_mux::tests::injected_first_native_no_effect_failure_preserves_all_custody_in_request_order ... ok
test sdma::multi_queue::tail_wait::tests::bound_tail_rejects_every_ordered_roster_identity_substitution ... ok
test sdma::multi_queue::tail_wait::tests::cpu_measurement_status_never_substitutes_missing_or_invalid_values ... ok
test sdma::multi_queue::tail_wait::tests::every_bound_queue_requires_the_exact_modulo_two_engine ... ok
test sdma::multi_queue::tail_wait::tests::injected_deadline_occurs_only_after_one_complete_pending_round ... ok
test sdma::multi_queue::tail_wait::tests::final_audit_distinguishes_completion_timeout_and_tail_contract_violation ... ok
test sdma::multi_queue::tail_wait::tests::injected_fallible_currentness_step_retains_exact_outer_custody ... ok
test sdma::multi_queue::tail_wait::tests::injected_final_audit_observes_every_entry_once_before_timeout ... ok
test sdma::multi_queue::tail_wait::tests::exact_fence_encoding_carries_system_scope_and_snoop ... ok
test sdma::multi_queue::tail_wait::tests::injected_all_ready_epoch_counts_tail_rounds_one_audit_and_separate_moves ... ok
test sdma::multi_queue::tail_wait::tests::injected_identity_substitution_fails_at_exact_tail_or_roster_entry ... ok
test sdma::multi_queue::tail_wait::tests::noncurrent_spin_budgets_are_confined_to_the_profiled_path ... ok
test sdma::multi_queue::tail_wait::tests::profiled_tail_rounds_count_actions_and_readiness_without_changing_order ... ok
test sdma::multi_queue::tail_wait_cpu::tests::available_snapshot_delta_preserves_each_measurement ... ok
test sdma::multi_queue::tail_wait_cpu::tests::compile_time_disabled_profile_does_not_invoke_snapshot_observer ... ok
test sdma::multi_queue::tail_wait_cpu::tests::regressing_snapshot_is_an_invalid_diagnostic ... ok
test sdma::multi_queue::tail_wait_cpu::tests::snapshot_conversion_rejects_negative_invalid_and_overflowing_clocks ... ok
test sdma::multi_queue::tail_wait_cpu::tests::unavailable_or_invalid_end_remains_a_diagnostic_status ... ok
test sdma::multi_queue::tail_wait::tests::optimized_source_has_no_post_bind_allocation_or_second_full_scan ... ok
test sdma::multi_queue::tail_wait::tests::retained_record_header_is_derived_from_each_emitted_ordinary_packet ... ok
test sdma::multi_queue::tail_wait::tests::injected_tail_rounds_visit_every_tail_until_ready ... ok
test sdma::multi_queue::tail_wait::tests::injected_tail_error_stops_without_a_full_roster_observation ... ok
test sdma::multi_queue::tests::aggregate_observation_visits_every_entry_before_reporting_pending ... ok
test sdma::multi_queue::tests::aggregate_observation_stops_only_for_terminal_observation_error ... ok
test sdma::multi_queue::tests::aggregate_pending_observation_preserves_preallocated_full_ticket_roster ... ok
test sdma::multi_queue::tests::aggregate_completion_reconstructs_original_request_order ... ok
test sdma::multi_queue::tail_wait_cpu::tests::unavailable_or_invalid_start_is_diagnostic_only_and_skips_the_end_observer ... ok
test sdma::multi_queue::tests::aggregate_retirement_preflight_rejects_every_missing_record_without_prefix_move ... ok
test sdma::multi_queue::tests::diagnostic_spin_budget_is_a_closed_bounded_roster ... ok
test sdma::multi_queue::tests::multi_queue_cursor_advances_only_after_complete_success ... ok
test sdma::multi_queue::tests::multi_queue_partial_progress_accounting_is_exact ... ok
test sdma::multi_queue::tests::multi_queue_injected_coordinator_reports_exact_custody_and_cursor_outcomes ... ok
test sdma::multi_queue::tests::multi_queue_plan_is_balanced_deterministic_fair_and_current ... ok
test sdma::multi_queue::tests::multi_queue_plan_rejects_invalid_duplicate_and_overcapacity_inputs ... ok
test sdma::multi_queue::tests::striped_queue_cursor_is_deterministic_and_wraps ... ok
test sdma::multi_queue::tests::multi_queue_preflight_gate_rejects_hostile_ordering_without_publication ... ok
test sdma::pool_policy::tests::device_pool_capacity_miss_disposes_and_invalid_candidate_rejects ... ok
test sdma::pool_policy::tests::device_pool_limit_bounds_and_zero_are_explicit ... ok
test sdma::multi_queue::tests::successful_aggregate_api_does_not_expose_copyable_ticket_values ... ok
test sdma::pool_policy::tests::device_pool_complete_scan_rejects_foreign_alias_and_bad_last_member ... ok
test sdma::pool_policy::tests::device_pool_scan_excludes_host_and_keeps_logical_bytes_separate ... ok
test sdma::pool_policy::tests::device_pool_roster_bounds_and_overlimit_are_not_disposal ... ok
test sdma::tests::attempted_full_write_clears_certificate_before_lower_failure ... ok
test sdma::tests::batch_publication_plan_has_one_exact_tail_for_fake_mmio ... ok
test sdma::tests::combined_queue_count_reserves_one_directional_queue_per_engine ... ok
test sdma::multi_queue::tests::multi_queue_publication_requires_fully_prepared_private_custody ... ok
test sdma::tests::compute_coexistence_scans_both_directions_and_settled_retained_records ... ok
test sdma::tests::compute_coexistence_rejects_incomplete_stale_and_ordinary_ledgers ... ok
test sdma::tests::compute_coexistence_missing_native_authority_never_admits ... ok
test sdma::tests::counter_and_generation_invariant_failures_are_terminal ... ok
test sdma::tests::device_buffer_allocation_extents_preserve_logical_bounds ... ok
test sdma::tests::directional_queue_ids_must_be_distinct ... ok
test sdma::tests::fixed_batch_geometry_has_unique_slots_across_wrap ... ok
test sdma::tests::full_host_content_certificate_is_bound_preserved_and_invalidated ... ok
test sdma::tests::gfx942_linear_copy_and_fence_match_the_pinned_packet_layout ... ok
test sdma::tests::host_content_certificate_rejects_owner_and_storage_substitution ... ok
test sdma::tests::invalid_sizes_addresses_and_completion_values_fail_closed ... ok
test sdma::tests::device_buffer_allocation_wires_rounded_backing_and_original_logical_extent ... ok
test sdma::tests::overlap_check_is_half_open_and_overflow_fail_closed ... ok
test sdma::tests::padded_full_logical_write_is_valid_but_not_authenticatable ... ok
test sdma::tests::logical_mux_manifest_digest_and_exclusions_are_frozen ... ok
test sdma::tests::persistent_compute_requires_both_directional_sdma_ledgers_quiescent ... ok
test sdma::tests::persistent_profile_drives_one_zero_deadline_observation_before_timeout ... ok
test sdma::tests::persistent_window_packet_limits_and_ring_wrap_are_exact ... ok
test sdma::tests::pool_owner_and_generation_coordinates_are_exact ... ok
test sdma::tests::progress_counts_pending_without_device_clock_claim ... ok
test sdma::tests::queue_set_creation_disposition_is_independent_of_retained_roster ... ok
test sdma::tests::persistent_window_publication_is_one_pointer_and_one_doorbell ... ok
test sdma::tests::shared_allocation_record_shape_covers_ring_control_and_completions ... ok
test sdma::tests::striped_queue_count_is_closed_to_balanced_gfx942_inventory ... ok
test sdma::tests::ticket_rejects_native_queue_id_reuse_across_queue_occurrences ... ok
test sdma::tests::xgmi_creation_failure_marks_terminal_without_requiring_queue_roster ... ok
test sdma::tests::sdma_copy_manifest_digest_is_frozen ... ok
test sdma::tests::xgmi_post_completion_currentness_failure_retains_both_mappings ... ok
test sdma::tests::single_copy_prepare_and_publication_are_stack_sized ... ok
test semantic_observation::tests::destroy_links_queue_but_never_claims_dispatch_completion ... ok
test semantic_observation::tests::every_capability_has_an_explicit_stable_status ... ok
test semantic_observation::tests::device_fingerprint_is_deterministic_scoped_and_commits_raw_facts ... ok
test sdma::tests::creation_guards_cover_the_first_memory_operation_and_xgmi_route_scope ... ok
test sdma::tests::persistent_window_has_exclusive_occupancy_and_whole_window_retirement ... ok
test semantic_observation::tests::hostile_live_queue_fields_fail_closed ... ok
test semantic_observation::tests::evidence_commits_redacted_raw_fields ... ok
test semantic_observation::tests::manifest_digest_matches ... ok
test semantic_observation::tests::hostile_destroy_evidence_and_replay_fail_closed ... ok
test semantic_observation::tests::rejects_zero_scope_and_redacts_nonzero_scope_debug ... ok
test shared_memory::host_resource_accounting::tests::host_backing_abandoned_retained_attempt_keeps_credit_after_account_owner_drop ... ok
test sdma::tests::xgmi_timeout_failure_retains_the_exact_ticket ... ok
test semantic_observation::tests::report_is_deterministic_scoped_fixed_size_and_authority_free ... ok
test sdma::tests::xgmi_destroy_borrows_queue_until_native_destroy_succeeds ... ok
test shared_memory::host_resource_accounting::tests::host_backing_account_rejects_invalid_domains ... ok
test shared_memory::host_resource_accounting::tests::host_backing_budget_has_positive_numeric_byte_and_record_bounds ... ok
test shared_memory::host_resource_accounting::tests::host_backing_byte_and_record_failures_are_atomic ... ok
test shared_memory::host_resource_accounting::tests::host_backing_allocation_and_domain_substitutions_reject_without_debit ... ok
test shared_memory::host_resource_accounting::tests::host_backing_exact_charge_match_is_inert_and_disposal_preserves_sibling ... ok
test sdma::tests::profiled_sdma_waits_observe_before_testing_the_deadline ... ok
test shared_memory::host_resource_accounting::tests::host_backing_invalid_refund_quarantines_instead_of_releasing ... ok
test shared_memory::host_resource_accounting::tests::host_backing_only_full_canonical_ordinary_profile_is_accepted ... ok
test queue::dispatch_binding::preparation::tests::preparation_partial_mapping_keeps_current_session_token_and_prefix ... ok
test shared_memory::host_resource_accounting::tests::host_backing_reserves_padded_bytes_before_retain_and_cancels_unissued ... ok
test shared_memory::resource_accounting::tests::both_byte_and_allocation_saturation_reject_atomically ... ok
test shared_memory::resource_accounting::tests::budget_bounds_match_the_native_profile_and_model ... ok
test shared_memory::resource_accounting::tests::cost_uses_canonical_padded_layout_and_only_the_two_native_dimensions ... ok
test shared_memory::resource_accounting::tests::domain_and_allocation_substitutions_reject_before_admission ... ok
test shared_memory::resource_accounting::tests::every_retained_binding_coordinate_is_checked_without_refund ... ok
test shared_memory::resource_accounting::tests::exact_account_identity_cannot_be_replaced_by_equal_domain_labels ... ok
test shared_memory::resource_accounting::tests::post_entry_unwind_retains_the_backing_charge_without_poison_reclassification ... ok
test shared_memory::resource_accounting::tests::unissued_cancellation_and_exact_disposal_are_distinct_from_retained_drop ... ok
test shared_memory::tests::allocation::pending_allocation_control_failure_keeps_existing_host_and_device_charges ... ok
test shared_memory::tests::allocation::pending_allocation_errno_preserves_nonzero_handle_and_all_raw_fields ... ok
test shared_memory::tests::allocation::pending_allocation_currentness_faults_preserve_original_panic_and_prefix ... ok
test shared_memory::tests::allocation::pending_allocation_invalid_reservation_and_mapping_keep_original_objects ... ok
test shared_memory::tests::allocation::pending_allocation_collision_preserves_preexisting_records_and_charges ... ok
test shared_memory::tests::allocation::pending_allocation_pure_rejection_consumes_no_slot_identity_or_native_budget ... ok
test shared_memory::tests::allocation::pending_allocation_unconfigured_failures_still_quarantine_and_retain ... ok
test shared_memory::tests::allocation::pending_allocation_malformed_output_is_retained_without_authority ... ok
test shared_memory::tests::allocation::pending_allocation_success_moves_exact_resources_and_charge_into_record ... ok
test shared_memory::tests::allocation::pending_allocation_native_faults_retain_every_returned_control_output ... ok
test shared_memory::tests::ambiguous_map_seal_and_free_are_terminal_without_retry ... ok
test shared_memory::tests::allocation::pending_allocation_userptr_retains_only_returned_mapping_and_raw_output ... ok
test shared_memory::tests::arbitrary_partial_write_quarantines_before_cpu_unmap_or_gpu_map ... ok
test shared_memory::tests::allocation::pending_allocation_userptr_currentness_retains_returned_mapping_before_alloc ... ok
test shared_memory::tests::authenticated_full_mapped_write_hashes_while_preserving_chunk_currentness ... ok
test shared_memory::tests::arbitrary_owned_bytes_still_reject_a_readback_mismatch ... ok
test shared_memory::tests::authenticated_mapped_write_currentness_failure_quarantines_session ... ok
test shared_memory::tests::arbitrary_source_has_one_preflight_hash_and_parallel_exact_readback ... ok
test shared_memory::tests::allocation::pending_allocation_capacity_and_released_slot_reuse_remain_bounded ... ok
test shared_memory::tests::coherent_capture_into_has_exact_currentness_and_no_native_mutation ... ok
test sdma::tests::persistent_elapsed_spin_profile_is_confined_to_three_public_wait_routes ... ok
test shared_memory::tests::arbitrary_source_verification_rejects_partial_wrong_and_length_substitution ... ok
test shared_memory::tests::completion_arena_allocation_oom_requires_quarantined_teardown ... ok
test shared_memory::tests::compute_coexistence_identity_extraction_preserves_incarnations ... ok
test shared_memory::tests::coherent_capture_into_panic_still_checks_closing_currentness ... ok
test shared_memory::tests::coherent_capture_into_rejects_each_stale_coordinate_without_writing ... ok
test shared_memory::tests::certified_native_memory_effects_preflight_exact_revision_budgets ... ok
test shared_memory::tests::device_backing::n2_configuration_is_single_use_fresh_and_irreversibly_closed ... ok
test shared_memory::tests::device_backing::n2_borrowed_public_access_unwind_cannot_replace_retained_cpu_mapping ... ok
test shared_memory::tests::arbitrary_source_worker_spawn_and_panic_fail_closed_by_phase ... ok
test shared_memory::tests::device_backing::n2_disposal_failure_matrix_never_refunds_or_retries ... ok
test shared_memory::tests::device_backing::n2_internal_xgmi_partial_prefix_unwind_closes_spare_capacity ... ok
test shared_memory::tests::device_backing::n2_exact_disposal_reuses_credit_not_stale_native_identity ... ok
test shared_memory::tests::device_backing::n2_malformed_allocation_and_native_errors_keep_record_charge ... ok
test shared_memory::tests::device_backing::n2_map_unmap_failure_matrix_preserves_debit ... ok
test shared_memory::tests::device_backing::n2_map_unmap_unwind_closes_spare_capacity_at_every_native_boundary ... ok
test shared_memory::tests::device_backing::n2_invalid_layout_overflow_and_domain_do_not_reserve_or_issue ... ok
test shared_memory::tests::device_backing::n2_padding_and_both_capacity_dimensions_reject_before_native_effects ... ok
test shared_memory::tests::device_backing::n2_initialization_unwind_retains_mapping_and_rejects_new_native_work ... ok
test shared_memory::tests::device_backing::n2_mapping_transitions_and_lease_drop_never_refund_backing ... ok
test shared_memory::tests::device_backing::n2_paired_xgmi_recoverable_prefix_errors_preserve_exact_owners ... ok
test shared_memory::tests::arbitrary_source_copy_and_distinct_verification_cover_partition_edges ... ok
test shared_memory::tests::device_backing::n2_reservation_failure_before_record_quarantines_the_debit ... ok
test shared_memory::tests::device_backing::n2_pre_effect_currentness_cancels_only_unissued_reservation ... ok
test shared_memory::tests::device_backing::n2_public_xgmi_pair_guard_encloses_native_and_peer_post_checks ... ok
test shared_memory::tests::device_memory_free_and_va_release_ambiguity_are_never_retried ... ok
test shared_memory::tests::device_backing::n2_stale_lease_coordinates_do_not_release_or_refund ... ok
test shared_memory::tests::device_backing::n2_unwind_before_and_after_record_retains_debit_and_original_payload ... ok
test shared_memory::tests::device_memory_capacity_is_preflighted_and_success_reclaims_bytes ... ok
test shared_memory::tests::device_backing::n2_substituted_charge_cannot_reach_native_disposal ... ok
test shared_memory::tests::device_memory_lifecycle_is_linear_redacted_and_single_device ... ok
test shared_memory::tests::device_memory_map_and_unmap_ambiguity_retain_and_poison ... ok
test shared_memory::tests::device_backing::n2_paired_xgmi_unwind_guards_either_account_and_peer_post_currentness ... ok
test shared_memory::tests::device_memory_post_side_effect_currentness_failures_retain_and_poison ... ok
test shared_memory::tests::device_memory_rejects_wrong_device_generation_and_address_overflow ... ok
test shared_memory::tests::device_pool::device_pool_projection_rejects_each_substituted_or_uncertain_record_without_native_effects ... ok
test shared_memory::tests::device_pool::device_pool_both_startup_orders_keep_exact_n2_charge_across_model_loans_reuse_and_disposal ... ok
test shared_memory::tests::device_memory_profile_manifest_and_layout_are_frozen ... ok
test shared_memory::tests::device_memory_oom_retains_possible_native_authority_and_poison ... ok
test shared_memory::tests::device_pool::device_pool_exact_projection_is_padded_inert_and_independent_of_n2_configuration ... ok
test shared_memory::tests::device_pool::device_pool_rejected_disposal_retains_n2_charge_and_prevents_reuse ... ok
test shared_memory::tests::device_slot_reuse_checks_all_later_live_records_for_native_collisions ... ok
test shared_memory::tests::allocation::pending_allocation_failed_released_slot_reuse_keeps_all_committed_records ... ok
test queue::live::construction_primary::integration_tests::preparation_cases::primary_preparation_projection_failures_keep_exact_tokens_and_uncommitted_model ... ok
test queue_linux::tests::payload_release_failure_after_event_destroy_is_process_terminal ... ok
test shared_memory::tests::device_record_slot_index_is_non_authoritative_and_fully_authenticated ... ok
test shared_memory::tests::dispatch_retention::dispatch_retention_capacity_is_bounded_before_validation_or_consumption ... ok
test shared_memory::tests::device_record_slot_index_lookup_work_is_constant_across_bounded_depths ... ok
test shared_memory::tests::dispatch_retention::dispatch_retention_foreign_host_session_and_device_vm_reject_without_moves ... ok
test shared_memory::tests::dispatch_retention::dispatch_retention_duplicate_native_storage_ignores_initialization_labels ... ok
test shared_memory::tests::dispatch_retention::dispatch_retention_missing_charge_at_every_ordinal_keeps_full_debit ... ok
test shared_memory::tests::dispatch_retention::dispatch_retention_preserves_complete_mixed_roster_and_exact_charges ... ok
test shared_memory::tests::dispatch_transfer_requires_exact_complete_distinct_mapped_lease_set ... ok
test shared_memory::tests::dispatch_retention::dispatch_retention_late_generation_rejection_keeps_original_prefix_and_suffix ... ok
test shared_memory::tests::dispatch_retention::dispatch_retention_refunds_only_after_actual_fake_native_disposal ... ok
test shared_memory::tests::dispatch_retention::dispatch_retention_wrong_requested_domain_rejects_valid_local_tokens ... ok
test shared_memory::tests::executable_probe_ring_uses_exact_allocation_and_release_span ... ok
test shared_memory::tests::dispatch_retention::dispatch_retention_preflight_panic_leaves_complete_original_owner ... ok
test shared_memory::tests::dispatch_retention::dispatch_retention_wrong_phase_at_every_ordinal_keeps_custody ... ok
test shared_memory::tests::gfx942_production_and_executable_probe_rings_are_exact_one_span ... ok
test shared_memory::tests::four_profiles_coexist_with_exact_flags_and_gfx942_aql_geometry ... ok
test shared_memory::tests::dispatch_retention::dispatch_retention_malformed_content_never_downgrades_initialization ... ok
test shared_memory::tests::dropped_partial_dispatch_code_and_kernarg_tokens_remain_registry_owned ... ok
test shared_memory::tests::failed_live_mutation_retains_one_reclaimable_model_loan ... ok
test shared_memory::tests::final_restore_revokes_certificate_and_allows_fresh_queue_transfer ... ok
test shared_memory::tests::host_backing::borrowed_initialization::borrowed_initialization_empty_and_each_budget_reject_before_native_entry ... ok
test shared_memory::tests::host_backing::borrowed_initialization::borrowed_initialization_all_currentness_boundaries_preserve_existing_prefix_and_debits ... ok
test shared_memory::tests::host_backing::borrowed_initialization::borrowed_initialization_failures_retain_backing_without_initialized_authority_or_retry ... ok
test shared_memory::tests::host_backing::borrowed_initialization::borrowed_initialization_copies_complete_source_and_preserves_one_padded_debit ... ok
test shared_memory::tests::host_backing::borrowed_initialization::borrowed_initialization_live_facade_uses_model_aware_sequence_without_encoded_copy ... ok
test queue_linux::tests::unpublished_custody_cleanup_failure_is_process_terminal ... ok
test shared_memory::tests::host_backing::borrowed_initialization::borrowed_initialization_panics_preserve_original_payload_and_quarantined_charge ... ok
test shared_memory::tests::host_backing::host_pool::host_pool_padded_cost_is_inert_with_or_without_n1_and_pressure_disposes ... ok
test shared_memory::tests::host_backing::host_pool::host_pool_checkout_and_recycle_retain_native_identity_and_n1_debit ... ok
test shared_memory::tests::host_backing::host_pool::host_pool_empty_roster_rejects_foreign_session_account_and_invalid_domain ... ok
test shared_memory::tests::host_backing::host_pool::host_pool_disposal_currentness_errors_and_panics_never_refund ... ok
test shared_memory::tests::host_backing::host_pool::host_pool_pressure_and_partial_trim_keep_every_uncertain_disposal_charge ... ok
test shared_memory::tests::host_backing::host_pool::host_pool_unconfigured_record_still_requires_canonical_layout ... ok
test shared_memory::tests::host_backing::host_pool::host_pool_limits_accept_zero_and_reject_outside_native_envelope ... ok
test shared_memory::tests::host_backing::host_pool::host_pool_exact_record_projection_rejects_substitutions_without_native_effects ... ok
test shared_memory::tests::host_backing::host_pool::host_pool_invalid_candidate_never_becomes_pressure_disposal ... ok
test shared_memory::tests::host_backing::n1_actual_foundation_loans_and_pool_retags_keep_exact_charge_in_both_orders ... ok
test shared_memory::tests::host_backing::host_pool::host_pool_byte_record_and_zero_ceilings_are_independent ... ok
test shared_memory::tests::dispatch_retention::dispatch_retention_missing_native_backing_at_every_ordinal_keeps_custody ... ok
test shared_memory::tests::host_backing::host_pool::host_pool_mixed_roster_excludes_device_cost_but_bounds_shape ... ok
test shared_memory::tests::host_backing::n1_cpu_and_mapped_post_currentness_panic_retains_written_record ... ok
test shared_memory::tests::host_backing::n1_bootstrap_profile_order_and_real_completion_arena_size_obey_both_limits ... ok
test shared_memory::tests::host_backing::n1_confirmed_disposal_reuses_credit_and_record_slot_not_old_identity ... ok
test shared_memory::tests::host_backing::n1_cpu_callback_panic_keeps_original_payload_without_post_currentness ... ok
test shared_memory::tests::host_backing::n1_defaults_and_excluded_profiles_keep_original_allocation_behavior ... ok
test shared_memory::tests::host_backing::n1_exact_charge_survives_cpu_and_mapped_access_until_full_disposal ... ok
test shared_memory::tests::host_backing::n1_disposal_failure_matrix_retains_debit_through_final_currentness ... ok
test shared_memory::tests::host_backing::n1_foreign_tokens_and_substituted_account_never_release_or_refund ... ok
test shared_memory::tests::host_backing::n1_every_pre_record_native_failure_retains_quarantined_charge ... ok
test shared_memory::tests::host_backing::n1_every_signal_ingress_quarantines_original_backend_panic ... ok
test shared_memory::tests::host_backing::n1_configuration_rejects_replacement_domain_history_and_failed_preflight ... ok
test shared_memory::tests::host_backing::n1_failed_retake_retains_live_debit_but_does_not_resurrect_disposed_backing ... ok
test shared_memory::tests::host_backing::n1_padding_and_each_capacity_dimension_reject_before_native_effects ... ok
test shared_memory::tests::host_backing::n1_unconfigured_transfer_cannot_reopen_budget_after_restore_or_live_loan ... ok
test shared_memory::tests::initialization_source_preflight_rejects_mutation_before_ownership_transfer ... ok
test shared_memory::tests::live_dispatch_validation_accepts_an_exact_bound_subset ... ok
test shared_memory::tests::host_backing::n1_gpu_mapping_errors_and_panics_never_refund_or_allow_retry ... ok
test shared_memory::tests::initialization_source_preflight_rejects_digest_length_and_empty_substitution ... ok
test shared_memory::tests::host_backing::n1_mapped_data_access_panics_retain_charge_and_close_spare_capacity ... ok
test shared_memory::tests::internal_post_allocation_length_substitution_quarantines ... ok
test shared_memory::tests::later_allocation_failure_revokes_use_of_prior_tokens ... ok
test shared_memory::tests::host_backing::n1_pre_effect_currentness_error_or_panic_cancels_only_unissued_credit ... ok
test shared_memory::tests::live_foundation_loan_reclaims_concrete_allocation_lifecycle_updates ... ok
test shared_memory::tests::live_foundation_loan_survives_operation_and_retake_rejection_without_loss ... ok
test shared_memory::tests::live_queue_model_loan_requires_the_exact_move_only_token ... ok
test shared_memory::tests::n2_constructor_configuration_rejects_foreign_currentness_and_prior_activity ... ok
test shared_memory::tests::mapped_coherent_subrange_copy_is_exact_and_generation_checked ... ok
test shared_memory::tests::n2_constructor_both_orders_preserve_exact_charge_through_real_queue_loan ... ok
test shared_memory::tests::n2_constructor_foreign_restore_retains_charge_and_quarantines_session ... ok
test shared_memory::tests::n2_constructor_default_has_no_configuration_effects ... ok
test shared_memory::tests::n2_constructor_partial_native_failure_retains_account_in_both_orders ... ok
test shared_memory::tests::n2_constructor_unconfigured_transfer_cannot_reopen_configuration_after_restore ... ok
test shared_memory::tests::persistent_replay_uses_only_operational_currentness_before_bound_subset_validation ... ok
test shared_memory::tests::overlap_kernel_output_and_cpu_address_substitution_quarantine_globally ... ok
test shared_memory::tests::preparation::replay_retention_commits_exact_descriptor_and_authority_without_native_effects ... ok
test shared_memory::tests::private_role_subranges_reject_overlap_misalignment_and_overflow ... ok
test shared_memory::tests::preparation::replay_retention_rejects_foreign_or_wrong_storage_without_moving_it ... ok
test shared_memory::tests::panic_before_and_after_allocation_map_projection_remains_retakeable ... ok
test shared_memory::tests::public_device_initialization_plan_is_bounded_and_covers_uneven_extents ... ok
test shared_memory::tests::preparation::replay_retention_borrows_original_data_through_validation_panic ... ok
test shared_memory::tests::public_device_memory_initialization_checks_mapped_bytes_before_gpu_map ... ok
test shared_memory::tests::repeated_byte_initialization_fills_without_readback_and_releases_exact_extent ... ok
test shared_memory::tests::public_device_memory_mapping_failures_quarantine_without_gpu_publication ... ok
test shared_memory::tests::released_device_memory_does_not_consume_record_capacity ... ok
test shared_memory::tests::released_shared_allocations_do_not_consume_record_capacity ... ok
test shared_memory::tests::repeated_byte_fill_threshold_keeps_small_inputs_serial ... ok
test shared_memory::tests::repeated_byte_fill_handles_empty_and_hostile_worker_bounds_without_panicking ... ok
test shared_memory::tests::released_device_memory_rejects_forged_double_release_and_use ... ok
test shared_memory::tests::retained_device_scope_domain_rejects_vm_and_device_generation_substitutions ... ok
test shared_memory::tests::shared_profile_manifest_is_frozen ... ok
test shared_memory::tests::returned_dispatch_session_preserves_and_releases_the_exact_mapped_c3_lease ... ok
test shared_memory::tests::repeated_byte_write_failure_quarantines_before_unmap_or_gpu_map ... ok
test shared_memory::tests::repeated_byte_worker_panic_becomes_a_typed_failure ... ok
test shared_memory::tests::shared_allocation_identity_rejects_cross_session_substitution ... ok
test shared_memory::tests::rounded_sdma_device_backing_preserves_custody_and_logical_copy_bounds ... ok
test shared_memory::tests::shared_record_slot_index_is_non_authoritative_and_fully_authenticated ... ok
test shared_memory::tests::host_backing::host_pool::host_pool_full_roster_checks_last_ordinal_and_generation_independent_aliases ... ok
test shared_memory::tests::bounds_and_aql_shape_fail_before_native_mutation ... ok
test shared_memory::tests::transitions::session_allocation_preflight_and_pending_native_failure_are_distinct ... ok
test shared_memory::tests::transitions::session_control_materialization_currentness_panic_closes_with_borrowed_owner ... ok
test shared_memory::tests::transitions::session_control_materialization_panic_preserves_original_borrowed_token ... ok
test shared_memory::tests::transitions::session_control_failure_preserves_existing_n1_n2_records_and_charges ... ok
test shared_memory::tests::transitions::session_allocation_projection_error_and_panic_keep_returned_token ... ok
test queue_linux::tests::terminal_unpublished_cleanup_failure_aborts_instead_of_losing_custody ... ok
test shared_memory::tests::transitions::session_host_map_panic_and_currentness_keep_exact_n1_debit ... ok
test shared_memory::tests::transitions::session_allocation_projection_rejection_preserves_all_returned_profiles ... ok
test shared_memory::tests::transitions::session_executable_map_partial_and_errno_outputs_keep_exact_input ... ok
test shared_memory::tests::transitions::session_map_stage_faults_preserve_precursor_or_successor_exactly ... ok
test shared_memory::tests::transitions::session_map_projection_rejection_retains_mapped_successor ... ok
test shared_memory::tests::transitions::session_native_transitions_preflight_the_complete_revision_budget ... ok
test shared_memory::tests::transitions::session_native_transitions_accept_exact_revision_headroom ... ok
test shared_memory::tests::transitions::session_mapping_native_and_currentness_panics_keep_original_token ... ok
test shared_memory::tests::transitions::session_late_allocation_commit_exhaustion_keeps_successful_native_token ... ok
test shared_memory::tests::transitions::session_retention_rejects_actual_host_account_substitution_without_effects ... ok
test shared_memory::tests::userptr_allocation_currentness_failures_require_process_terminal_custody ... ok
test shared_memory::tests::userptr_aql_control_is_exact_same_va_coherent_page ... ok
test shared_memory::tests::userptr_aql_control_malformed_result_quarantines_without_cleanup ... ok
test shared_memory::tests::transitions::session_terminal_transition_cannot_be_overwritten_or_retried ... ok
test shared_memory::tests::transitions::session_retention_validates_borrowed_input_before_consumption ... ok
test shared_memory::tests::transitions::session_seal_error_panic_and_currentness_preserve_precursor_custody ... ok
test shared_memory::tests::userptr_release_currentness_failures_retain_exact_terminal_custody ... ok
test shared_memory::tests::userptr_probe_native_failures_quarantine_without_reordered_cleanup ... ok
test shared_memory::tests::userptr_probe_frees_bo_before_unmapping_original_vma ... ok
test shared_memory::tests::wrong_transfer_phase_does_not_mint_or_mutate_foundation_certificate ... ok
test shared_memory::tests::xgmi_map_errno_at_full_prefix_never_grants_copy_authority ... ok
test shared_memory::tests::validated_initialization_source_takes_the_exact_box_without_copying ... ok
test shared_memory::tests::xgmi_mapping_retries_only_advanced_prefixes_and_retains_canonical_roster ... ok
test shared_memory::tests::userptr_probe_ring_is_exact_one_x_registration ... ok
test shared_memory::tests::userptr_output_mmap_offset_is_opaque_and_not_collision_authority ... ok
test shared_memory::tests::xgmi_peer_post_currentness_failure_retains_mapped_cleanup_authority ... ok
test shared_memory::tests::transitions::session_control_success_preserves_exact_foundation_loan_and_authority ... ok
test shared_memory::tests::xgmi_unmap_overshoot_is_indeterminate_and_quarantined ... ok
test shared_memory::tests::xgmi_peer_post_unmap_failure_retains_unmapped_free_authority ... ok
test shared_memory::tests::xgmi_unmap_regressed_prefix_is_indeterminate_and_quarantined ... ok
test stopped_state_v1::tests::byte_limit_truncation_reads_and_retains_no_segment_prefix ... ok
test stopped_state_v1::tests::checkpoint_content_change_fails_closed ... ok
test shared_memory::tests::xgmi_unmap_errno_at_full_prefix_quarantines_without_release ... ok
test stopped_state_v1::tests::checkpoint_identity_binds_exact_queue_and_device_observations ... ok
test stopped_state_v1::tests::checkpoint_identity_and_projection_bind_the_exact_capture_limit ... ok
test stopped_state_v1::tests::bounded_empty_range_cursors_are_preserved_without_content_claims ... ok
test shared_memory::tests::transitions::session_mutable_map_partial_and_errno_outputs_keep_exact_input ... ok
test queue::live::construction_primary::integration_tests::preparation_cases::primary_preparation_stage_failures_preserve_original_inputs_and_every_control_prefix ... ok
test stopped_state_v1::tests::checkpoint_read_failure_and_header_reread_substitution_fail_closed ... ok
test stopped_state_v1::tests::proc_mem_exact_read_helper_rejects_short_and_faulted_reads ... ok
test stopped_state_v1::tests::hostile_header_fields_fail_closed_to_typed_unavailability ... ok
test stopped_state_v1::tests::opaque_checkpoint_debug_never_exposes_private_bytes ... ok
test stopped_state_v1::tests::exact_gfx942_header_envelope_is_admitted_without_wave_claims ... ok
test stopped_state_v1::tests::manifest_digest_and_bounds_are_frozen ... ok
test stopped_state_v1::tests::debug_and_report_do_not_serialize_native_identifiers ... ok
test target_debug_telemetry_v2::tests::completed_terminal_requires_an_exact_publication ... ok
test stopped_state_v1::tests::zero_scope_is_rejected_and_debug_is_redacted ... ok
test stopped_state_v1::tests::hostile_geometry_reads_and_header_substitution_are_typed ... ok
test tests::non_kfd_descriptor_cannot_produce_a_uapi_observation ... ok
test tests::observation_is_not_implicitly_admitted ... ok
test topology::tests::boot_id_parser_accepts_only_canonical_lowercase_uuid ... ok
test tests::inherited_process_identity_is_rejected_before_an_ioctl ... ok
test target_debug_telemetry_v2::tests::rejects_padding_checksum_geometry_and_generation_mutations ... ok
test target_debug_telemetry_v2::tests::generation_is_nonce_bound_nonzero_and_stable ... ok
test target_debug_telemetry_v2::tests::credential_bound_channel_accepts_typed_failure_before_publication ... ok
test stopped_state_v1::tests::native_binding_substitution_includes_hidden_addresses ... ok
test target_debug_telemetry_v2::tests::v2_wire_round_trips_and_v1_length_is_unchanged ... ok
test topology::tests::kernel_release_parser_is_bounded_and_strict ... ok
test shared_memory::tests::shared_slot_reuse_still_rejects_collision_with_a_later_live_record ... ok
test topology::tests::duplicate_property_is_rejected ... ok
test shared_memory::tests::shared_record_slot_index_lookup_work_is_constant_across_bounded_depths ... ok
test topology::tests::bounded_count_field_is_enforced ... ok
test topology::tests::directional_xgmi_routes_bind_exact_links_engines_and_generation ... ok
test queue::live::construction_primary::integration_tests::preparation_cases::primary_preparation_native_allocation_failures_retain_exact_pending_or_returned_output ... ok
test topology::tests::duplicate_gpu_id_is_rejected ... ok
test topology::tests::empty_gpu_set_is_rejected ... ok
test topology::tests::duplicate_unique_id_is_rejected ... ok
test topology::tests::malformed_numbers_are_rejected ... ok
test topology::tests::duplicate_render_minor_is_rejected ... ok
test topology::tests::malformed_pci_revision_is_rejected ... ok
test topology::tests::invalid_module_srcversion_is_rejected ... ok
test topology::tests::property_symlink_is_rejected ... ok
test topology::tests::node_symlink_is_rejected ... ok
test topology::tests::render_link_must_be_a_kernel_style_symlink ... ok
test topology::tests::sdma_topology_capability_manifest_is_frozen ... ok
test topology::tests::oversized_properties_are_rejected ... ok
test topology::tests::non_regular_property_file_is_rejected ... ok
test topology::tests::firmware_observations_are_required_and_bounded ... ok
test topology::tests::noncanonical_node_id_is_rejected ... ok
test topology::tests::render_node_is_correlated_to_unique_id_bdf_and_partitions ... ok
test topology::tests::render_bdf_location_mismatch_is_rejected ... ok
test wait::tests::active_spin_floor_is_elapsed_and_clamped_to_deadline ... ok
test topology::tests::duplicate_domain_location_is_rejected ... ok
test wait::tests::active_spin_floor_preserves_the_explicit_sleep_ceiling ... ok
test topology::tests::unknown_property_is_rejected ... ok
test topology::tests::render_symlink_cannot_escape_devices_root ... ok
test wait::tests::deadline_without_floor_preserves_the_default_action_sequence ... ok
test wait::tests::explicit_sleep_ceiling_is_applied_before_and_after_backoff ... ok
test wait::tests::observation_loop_propagates_closure_error_without_pausing ... ok
test topology::tests::unknown_top_level_entry_is_rejected ... ok
test wait::tests::observation_loop_retries_pending_then_returns_ready ... ok
test wait::tests::profiled_observation_loop_checks_zero_deadline_only_after_observing ... ok
test wait::tests::zero_deadline_is_immediately_expired ... ok
test topology::tests::render_unique_id_mismatch_is_rejected ... ok
test topology::tests::terminal_root_symlink_is_rejected ... ok
test topology::tests::unknown_partition_mode_is_rejected ... ok
test wait::tests::sustained_waits_progress_from_spin_to_yield_to_bounded_sleep ... ok
test topology::tests::strict_module_observation_reports_optional_fields ... ok
test topology::tests::unsupported_target_is_rejected ... ok
test topology::tests::valid_fixture_produces_sorted_bounded_observations ... ok
test topology::tests::sdma_capability_properties_are_additive_to_base_topology ... ok
test topology::tests::link_count_endpoint_and_index_are_strict ... ok
test queue::submit::tests::cwsr_headers_match_pinned_rocr_layout ... ok
test topology::tests::route_admission_rejects_wrong_type_flags_mask_and_inventory ... ok
test queue::dispatch_binding::preparation::tests::preparation_every_program_stage_retains_exact_prefix_on_error_and_panic ... ok
test topology::tests::bounded_node_count_is_enforced_before_node_reads ... ok
test queue::live::construction_primary::integration_tests::preparation_cases::primary_preparation_seal_map_and_materialization_faults_preserve_original_session_tokens ... ok
test queue::dispatch_binding::preparation::tests::preparation_allocation_native_failures_keep_prior_code_and_pending_custody ... ok
test queue::live::construction_primary::integration_tests::platform::tests::external_missing_or_foreign_authority_never_consumes_present_caller_slots ... ok
test queue::live::construction_primary::integration_tests::platform::tests::observation_panics_keep_dependency_and_returned_doorbell_before_assembly_updates ... ok
test queue::live::construction_primary::integration_tests::platform::tests::platform_success_and_shadow_settlement_keep_original_bindings_and_phase ... ok
test queue::live::construction_primary::integration_tests::same_session_primary_create_uncertainty_retains_published_owners_without_cleanup ... ok
test queue::live::construction_primary::integration_tests::same_session_primary_success_uses_actual_preparation_resources_foundation_and_create ... ok
test queue::live::construction_primary::integration_tests::platform::tests::late_create_recovery_preserves_exact_engine_outputs_and_unassembled_owners ... ok
test queue::live::construction_primary::integration_tests::preparation_cases::primary_generic_return_keeps_borrowed_non_send_and_actual_charged_owner_through_finalization ... ok
test queue::live::construction_primary::integration_tests::platform::tests::external_runtime_handoff_retains_exact_caller_slots_until_closing_currentness ... ok
test queue::live::construction_primary::integration_tests::same_session_primary_currentness_faults_cover_create_and_both_doorbell_checks ... ok
test queue::live::construction_primary::integration_tests::platform::tests::local_linux_shadow_and_gate_helpers_compose_with_primary_custody_and_dispose_owned_mappings ... ok
test queue::live::construction_primary::integration_tests::same_session_primary_real_native_failures_preserve_r88_and_original_accounts ... ok
test queue::live::construction_primary::integration_tests::same_session_primary_borrowed_failures_retain_original_owner_at_every_observed_boundary ... ok
test queue::live::construction_primary::integration_tests::projection_cases::primary_control_projection_failures_retain_actual_input_or_output_without_model_commit has been running for over 60 seconds
test queue::live::construction_primary::integration_tests::projection_cases::primary_control_projection_failures_retain_actual_input_or_output_without_model_commit ... ok

test result: ok. 934 passed; 0 failed; 0 ignored; 0 measured; 0 filtered out; finished in 61.19s

